àDDR Version V1.12 20150408
In
800MHz
DDR3
Bus Width=32 Col=10 Bank=8 Row=15 CS=2 Die Bus-Width=16 Size=2048MB
mach:14
OUT
Boot1 Release Time: 2015-04-14, version: 2.26
ChipType = b 165
CPUId = 0x0
SdmmcInit=2 0
BootCapSize=2000
UserCapSize=1d5a000
FwPartOffset=2000 , 2000
SdmmcInit=0 400
StorageInit ok = 62688
LoadTrustBL
BL2: Loading BL3-0
image_size:0x50
image_base:0x80000
BL2: Loading BL3-1
image_size:0xfc
image_base:0x8000
LoadBL33
BL33 Addr0x2000
load_addr 0x200000
load_size 0x5477c
theLoader 200000 233389
BL33 base = 0x200000
INFO:    Bl31 Release Time: 2015-08-28, version: 1.6
NOTICE:  BL3-1: v1.1(debug):89fd183
NOTICE:  BL3-1: Built : 11:03:12, Aug 28 2015
get_chip_info: chip_code is 3368!
pmu_init:pd st (1ee) (1ef)
INFO:    BL3-1: Initializing runtime services
INFO:    BL3-1: Preparing for EL3 exit to normal world
INFO:    BL3-1: Next image address = 0x200000
INFO:    BL3-1: Next image spsr = 0x3c5


U-Boot 2014.10-RK3368-10-g47bd779 (Dec 02 2015 - 11:44:16)

CPU: rk3368
CPU's clock information:
    arm pll big = 816000000HZ
    arm pll little = 600000000HZ
    periph pll = 576000000HZ
    ddr pll = 1584000000HZ
    codec pll = 400000000HZ
Board:	Rockchip platform Board
Uboot as second level loader
DRAM:  Found dram banks: 1
Adding bank:0000000000200000(000000007fe00000)
128 MiB
storage init OK!
Using default environment

GetParam
check parameter success
remotectl v0.1
failed to prepare fdt from boot!
power key: bank-0 pin-2
can't find dts node for ricoh619
can't find dts node for rk808
can't find dts node for rk818
No pmic detect.
SecureBootEn = 0, SecureBootLock = 0

#Boot ver: 2015-10-28#2.26
empty serial no.
checkKey
vbus = 1
board_fbt_key_pressed: ir_keycode = 0x0, frt = 0
no fuel gauge found
no fuel gauge found
read logo_on switch from dts [1]
can't find dts node for deviceinfo
rk_hdmi_register:fail to read deviceinfo
preset hdmi resolution is 1280x720@60-0,i=8
tve baseparamer 0x0@0-0
[EDID-EXTEND] It is a  CEA 861 Series Extension.
use baseparamer config,pos_baseparamer=8
hdmi_dev->video.vic is 4
hdmi_dev_config_video vic 4 color_output 3 color_output_depth 8
pixel clk is 74250000 tmds clk is 74250000
hsync_pol 1 vsync_pol 1
[HDMI] sucess output HDMI.
failed to find part:logo
no fuel gauge found
checkKey
vbus = 1
board_fbt_key_pressed: ir_keycode = 0x0, frt = 0
Hit any key to stop autoboot:  0 
load fdt from resouce.
Secure Boot state: 0
kernel   @ 0x00280000 (0x00d90c80)
ramdisk  @ 0x05bf0000 (0x0014727c)
bootrk: do_bootm_linux...
   Loading Device Tree to 0000000005600000, end 000000000563b3d4 ... OK
Add bank:0000000000200000, 000000007fe00000

Starting kernel ...

[    0.000000]  [0:        swapper:    0] Initializing cgroup subsys cpu
[    0.000000]  [0:        swapper:    0] Initializing cgroup subsys cpuacct
[    0.000000]  [0:        swapper:    0] Linux version 3.10.0 (foxluo@skykirin2) (gcc version 4.9 20140514 (prerelease) (GCC) ) #2 SMP PREEMPT Mon Mar 28 10:06:56 CST 2016
[    0.000000]  [0:        swapper:    0] CPU: AArch64 Processor [410fd033] revision 3
[    0.000000]  [0:        swapper:    0] Machine: rockchip,rk3368
[    0.000000]  [0:        swapper:    0] rockchip_uboot_logo_setup: mem: 0x0000000002000000@0x000000007dc00000, offset:0x0000000001000000
[    0.000000]  [0:        swapper:    0] hdmi init vic is 4
[    0.000000]  [0:        swapper:    0] cvbs init tve.format is -1
[    0.000000]  [0:        swapper:    0] cvbs init tve.format is -1
[    0.000000]  [0:        swapper:    0] rockchip_uboot_mem_reserve: reserve 0x0000000002000000@0x000000007dc00000 for uboot logo
[    0.000000]  [0:        swapper:    0] rockchip_ion_reserve
[    0.000000]  [0:        swapper:    0] ion heap(cma): base(0) size(0) align(0)
[    0.000000]  [0:        swapper:    0] ion heap(vmalloc): base(0) size(0) align(0)
[    0.000000]  [0:        swapper:    0] cma: CMA: reserved 16 MiB at 7cc00000
[    0.000000]  [0:        swapper:    0] psci: probing for conduit method from DT.
[    0.000000]  [0:        swapper:    0] psci: PSCIv1.0 detected in firmware.
[    0.000000]  [0:        swapper:    0] psci: Using standard PSCI v0.2 function IDs
[    0.000000]  [0:        swapper:    0] PERCPU: Embedded 11 pages/cpu @ffffffc07fd10000 s13440 r8192 d23424 u45056
[    0.000000]  [0:        swapper:    0] Built 1 zonelists in Zone order, mobility grouping on.  Total pages: 516615
[    0.000000]  [0:        swapper:    0] Kernel command line: earlyprintk=uart8250-32bit,0xff690000 console=ttyS2 androidboot.baseband=N/A androidboot.selinux=permissive androidboot.hardware=rk30board androidboot.console=ttyS2 init=/init mtdparts=rk29xxnand:0x00002000@0x00002000(uboot),0x00002000@0x00004000(trust),0x00002000@0x00006000(misc),0x00008000@0x00008000(resource),0x00008000@0x00010000(kernel),0x00010000@0x00018000(boot),0x00010000@0x00028000(recovery),0x00038000@0x00038000(backup),0x00040000@0x00070000(cache),0x00002000@0x000B0000(kpanic),0x00250000@0x000B2000(system),0x00008000@0x00302000(metadata),0x00002000@0x0030A000(baseparamer),0x00400000@0x0030C000(userdata),0x00020000@0x0070C000(radical_update),-@0x0072C000(user) storagemedia=emmc uboot_logo=0x02000000@0x7dc00000:0x01000000 loader.timestamp=2015-12-02_11:44:16 hdmi.vic=4 tve.format=-1
[    0.000000]  [0:        swapper:    0] PID hash table entries: 4096 (order: 3, 32768 bytes)
[    0.000000]  [0:        swapper:    0] Dentry cache hash table entries: 262144 (order: 9, 2097152 bytes)
[    0.000000]  [0:        swapper:    0] Inode-cache hash table entries: 131072 (order: 8, 1048576 bytes)
[    0.000000]  [0:        swapper:    0] Memory: 2046MB = 2046MB total
[    0.000000]  [0:        swapper:    0] Memory: 1996708k/1996708k available, 98396k reserved
[    0.000000]  [0:        swapper:    0] Virtual kernel memory layout:
[    0.000000]  [0:        swapper:    0]     vmalloc : 0xffffff8000000000 - 0xffffæ MB)
[    0.000000]  [0:        swapper:    0]     vmemmap : 0xffffffbc00007000 - 0xffffffbc01c00000   (    27 MB)
[    0.000000]  [0:        swapper:    0]     modules : 0xffffffbffc000000 - 0xffffffc000000000   (    64 MB)
[    0.000000]  [0:        swapper:    0]     memory  : 0xffffffc000000000 - 0xffffffc07fe00000   (  2046 MB)
[    0.000000]  [0:        swapper:    0]       .init : 0xffffffc000c30000 - 0xffffffc000c6c480   (   242 kB)
[    0.000000]  [0:        swapper:    0]       .text : 0xffffffc000080000 - 0xffffffc000c2f7b4   ( 11966 kB)
[    0.000000]  [0:        swapper:    0]       .data : 0xffffffc000c6d000 - 0xffffffc000e10c80   (  1680 kB)
[    0.000000]  [0:        swapper:    0] SLUB: HWalign=64, Order=0-3, MinObjects=0, CPUs=8, Nodes=1
[    0.000000]  [0:      swapper/0:    0] Preemptible hierarchical RCU implementation.
[    0.000000]  [0:      swapper/0:    0] 	RCU dyntick-idle grace-period acceleration is enabled.
[    0.000000]  [0:      swapper/0:    0] NR_IRQS:64 nr_irqs:64 0
[    0.000000]  [0:      swapper/0:    0] Architected cp15 timer(s) running at 24.00MHz (virt).
[    1.221287]  [0:      swapper/0:    0] Calibrating delay loop (skipped), value calculated using timer frequency.. 48.00 BogoMIPS (lpj=240000)
[    1.221320]  [0:      swapper/0:    0] pid_max: default: 32768 minimum: 301
[    1.221520]  [0:      swapper/0:    0] Security Framework initialized
[    1.221553]  [0:      swapper/0:    0] SELinux:  Initializing.
[    1.221709]  [0:      swapper/0:    0] Mount-cache hash table entries: 256
[    1.222634]  [0:      swapper/0:    0] Initializing cgroup subsys debug
[    1.222664]  [0:      swapper/0:    0] Initializing cgroup subsys freezer
[    1.224570]  [0:      swapper/0:    1] /cpus/cpu@0: Missing clock-frequency property
[    1.224633]  [0:      swapper/0:    1] /cpus/cpu@1: Missing clock-frequency property
[    1.224699]  [0:      swapper/0:    1] /cpus/cpu@2: Missing clock-frequency property
[    1.224762]  [0:      swapper/0:    1] /cpus/cpu@3: Missing clock-frequency property
[    1.224825]  [0:      swapper/0:    1] /cpus/cpu@100: Missing clock-frequency property
[    1.224890]  [0:      swapper/0:    1] /cpus/cpu@101: Missing clock-frequency property
[    1.224956]  [0:      swapper/0:    1] /cpus/cpu@102: Missing clock-frequency property
[    1.225024]  [0:      swapper/0:    1] /cpus/cpu@103: Missing clock-frequency property
[    1.225054]  [0:      swapper/0:    1] hw perfevents: enabled with arm/armv8-pmuv3 PMU driver, 7 counters available
[    1.226135]  [0:      swapper/0:    1] last_log: 0x000000007a480000 map to 0xffffff8000012000 and copy to 0xffffff8000094000, size 0x80000 early 0x19a4 (version 3.1)
[    1.299727]  [1:      swapper/1:    0] CPU1: Booted secondary processor
[    1.319390]  [2:      swapper/2:    0] CPU2: Booted secondary processor
[    1.339066]  [3:      swapper/3:    0] CPU3: Booted secondary processor
[    1.358759]  [4:      swapper/4:    0] CPU4: Booted secondary processor
[    1.378419]  [5:      swapper/5:    0] CPU5: Booted secondary processor
[    1.398118]  [6:      swapper/6:    0] CPU6: Booted secondary processor
[    1.417785]  [7:      swapper/7:    0] CPU7: Booted secondary processor
[    1.417950]  [0:      swapper/0:    1] Brought up 8 CPUs
[    1.418045]  [0:      swapper/0:    1] SMP: Total of 8 processors activated (384.00 BogoMIPS).
[    1.419225]  [0:      swapper/0:    1] devtmpfs: initialized
[    1.425943]  [0:      swapper/0:    1] sched: registering cpufreq notifiers for scale-invariant loads
[    1.426205]  [0:      swapper/0:    1] pinctrl core: initialized pinctrl subsystem
[    1.426539]  [0:      swapper/0:    1] regulator-dummy: no parameters
[    1.442153]  [0:      swapper/0:    1] NET: Registered protocol family 16
[    1.443410]  [0:      swapper/0:    1] ion_snapshot: 0x7a738000 map to 0xffffff8000115000 and copy to 0xffffffc000ee31a8 (version 0.1)
[    1.444545]  [0:      swapper/0:    1] vdso: 2 pages (1 code, 1 data) at base ffffffc000c75000
[    1.444595]  [0:      swapper/0:    1] hw-breakpoint: found 6 breakpoint and 4 watchpoint registers.
[    1.446060]  [0:      swapper/0:    1] software IO TLB [mem 0x7a000000-0x7a400000] (4MB) mapped at [ffffffc079e00000-ffffffc07a1fffff]
[    1.447757]  [0:      swapper/0:    1] DMA: preallocated 256 KiB pool for atomic allocations
[    1.448672]  [0:      swapper/0:    1] rk_clk_tree_init start!
[    1.477015]  [0:      swapper/0:    1] rk_get_uboot_display_flag: uboot_logo_on = 1
[    1.477101]  [0:      swapper/0:    1] rkclk_init_clks: cnt_parent = 8
[    1.477511]  [0:      swapper/0:    1] rkclk_init_clks: cnt_rate = 30
[    1.483890]  [0:      swapper/0:    1] syscon ff610000.syscon: regmap [mem 0xff610000-0xff6103ff] registered
[    1.484086]  [0:      swapper/0:    1] syscon ff730000.syscon: regmap [mem 0xff730000-0xff730fff] registered
[    1.484310]  [0:      swapper/0:    1] syscon ff738000.syscon: regmap [mem 0xff738000-0xff738fff] registered
[    1.484505]  [0:      swapper/0:    1] syscon ff740000.syscon: regmap [mem 0xff740000-0xff740fff] registered
[    1.484711]  [0:      swapper/0:    1] syscon ff760000.syscon: regmap [mem 0xff760000-0xff760fff] registered
[    1.484905]  [0:      swapper/0:    1] syscon ff770000.syscon: regmap [mem 0xff770000-0xff770fff] registered
[    1.485098]  [0:      swapper/0:    1] syscon ffac0000.syscon: regmap [mem 0xffac0000-0xffac2fff] registered
[    1.491071]  [0:      swapper/0:    1] rk_iommu ff900800.iep_mmu: (iep) Enter
[    1.491178]  [0:      swapper/0:    1] rk_iommu ff900800.iep_mmu: IOVMM: Created 0x3ffff000 B IOVMM from 0x10000000.
[    1.491207]  [0:      swapper/0:    1] rk_iommu ff900800.iep_mmu: (iep) Initialized
[    1.491398]  [0:      swapper/0:    1] rk_iommu ff950800.vip_mmu: (vip) Enter
[    1.491474]  [0:      swapper/0:    1] rk_iommu ff950800.vip_mmu: IOVMM: Created 0x3ffff000 B IOVMM from 0x10000000.
[    1.491502]  [0:      swapper/0:    1] rk_iommu ff950800.vip_mmu: (vip) Initialized
[    1.491682]  [0:      swapper/0:    1] rk_iommu ff930300.vop_mmu: (vop) Enter
[    1.491759]  [0:      swapper/0:    1] rk_iommu ff930300.vop_mmu: IOVMM: Created 0x3ffff000 B IOVMM from 0x10000000.
[    1.491787]  [0:      swapper/0:    1] rk_iommu ff930300.vop_mmu: (vop) Initialized
[    1.491978]  [0:      swapper/0:    1] rk_iommu ff914000.isp_mmu: (isp_mmu) Enter
[    1.492056]  [0:      swapper/0:    1] rk_iommu ff914000.isp_mmu: IOVMM: Created 0x3ffff000 B IOVMM from 0x10000000.
[    1.492084]  [0:      swapper/0:    1] rk_iommu ff914000.isp_mmu: (isp_mmu) Initialized
[    1.492409]  [0:      swapper/0:    1] rk_iommu ff9a0440.hevc_mmu: (hevc) Enter
[    1.492489]  [0:      swapper/0:    1] rk_iommu ff9a0440.hevc_mmu: IOVMM: Created 0x3ffff000 B IOVMM from 0x10000000.
[    1.492517]  [0:      swapper/0:    1] rk_iommu ff9a0440.hevc_mmu: (hevc) Initialized
[    1.492731]  [0:      swapper/0:    1] rk_iommu ff9a0800.vpu_mmu: (vpu) Enter
[    1.492818]  [0:      swapper/0:    1] rk_iommu ff9a0800.vpu_mmu: IOVMM: Created 0x3ffff000 B IOVMM from 0x10000000.
[    1.492846]  [0:      swapper/0:    1] rk_iommu ff9a0800.vpu_mmu: (vpu) Initialized
[    1.502543]  [0:      swapper/0:    1] rockchip_pinctrl_probe:init ok
[    1.504399]  [0:      swapper/0:    1] rk3368_pmupvtm_clk_init
[    1.505429]  [0:      swapper/0:    1] need pvtm_div out of bounary! set max instead
[    1.505455]  [0:      swapper/0:    1] process version: 0
[    1.505532]  [0:      swapper/0:    1] channel:0, lkg:44
[    1.505559]  [0:      swapper/0:    1] target-temp:80
[    1.505603]  [0:      swapper/0:    1] channel:0, lkg:44
[    1.505629]  [0:      swapper/0:    1] target-temp:80
[    1.505674]  [0:      swapper/0:    1] channel:2, lkg:31
[    1.505709]  [0:      swapper/0:    1] channel:1, lkg:0
[    1.535383]  [0:      swapper/0:    1] bio: create slab <bio-0> at 0
[    1.536064]  [0:      swapper/0:    1] Rockchip hdmi driver version 2.0
[    1.536064]  [0:      swapper/0:    1] .
[    1.537683]  [0:      swapper/0:    1] SCSI subsystem initialized
[    1.537873]  [0:      swapper/0:    1] usbcore: registered new interface driver usbfs
[    1.537945]  [0:      swapper/0:    1] usbcore: registered new interface driver hub
[    1.538082]  [0:      swapper/0:    1] usbcore: registered new device driver usb
[    1.540330]  [0:      swapper/0:    1] rockchip_i2c ff650000.i2c: i2c-0: Rockchip I2C adapter
[    1.541681]  [0:      swapper/0:    1] rockchip_i2c ff660000.i2c: i2c-1: Rockchip I2C adapter
[    1.541859]  [0:      swapper/0:    1] media: Linux media interface: v0.10
[    1.541920]  [0:      swapper/0:    1] Linux video capture interface: v2.00
[    1.542011]  [0:      swapper/0:    1] pps_core: LinuxPPS API ver. 1 registered
[    1.542036]  [0:      swapper/0:    1] pps_core: Software ver. 5.3.6 - Copyright 2005-2007 Rodolfo Giometti <giometti@linux.it>
[    1.542073]  [0:      swapper/0:    1] PTP clock support registered
[    1.542150]  [0:      swapper/0:    1] i2c-core: driver [bq24296] using legacy suspend method
[    1.542175]  [0:      swapper/0:    1] i2c-core: driver [bq24296] using legacy resume method
[    1.543476]  [0:      swapper/0:    1] Rockchip ion module is successfully loaded (v1.1)
[    1.543692]  [0:      swapper/0:    1] rockchip-mailbox ff6b0000.mbox: Rockchip mailbox initialize, version: V1.00
[    1.544450]  [0:      swapper/0:    1] mbox-scpi mbox-scpi.7: Scpi initialize, version: 0x1000001, chan nums: 3
[    1.544482]  [0:      swapper/0:    1] mbox-scpi mbox-scpi.7: MCU version: V2.11 20150910
[    1.544854]  [0:      swapper/0:    1] Advanced Linux Sound Architecture Driver Initialized.
[    1.545309]  [0:      swapper/0:    1] Bluetooth: Core ver 2.16
[    1.545365]  [0:      swapper/0:    1] NET: Registered protocol family 31
[    1.545428]  [0:      swapper/0:    1] Bluetooth: HCI device and connection manager initialized
[    1.545460]  [0:      swapper/0:    1] Bluetooth: HCI socket layer initialized
[    1.545492]  [0:      swapper/0:    1] Bluetooth: L2CAP socket layer initialized
[    1.545536]  [0:      swapper/0:    1] Bluetooth: SCO socket layer initialized
[    1.545836]  [0:    kworker/0:1:   50] cfg80211: Calling CRDA to update world regulatory domain
[    1.548053]  [0:      swapper/0:    1] The device is not syr82x fffffff5 
[    1.548094]  [0:      swapper/0:    1] syr82x: probe of 0-0040 failed with error -11
[    1.552005]  [0:      swapper/0:    1] vdd_arm: 909 <--> 1393 mV at 1100 mV 
[    1.553019]  [0:      swapper/0:    1] i2c-core: driver [rk818] using legacy suspend method
[    1.553047]  [0:      swapper/0:    1] i2c-core: driver [rk818] using legacy resume method
[    1.554786]  [0:      swapper/0:    1] This platfrom have not i2s_mclk,no need to set i2s_mclk.
[    1.555997]  [0:      swapper/0:    1] Switching to clocksource arch_sys_counter
[    1.558649]  [0:      swapper/0:    1] rga: Module initialized.
[    1.559087]  [0:      swapper/0:    1] rga2 ff920000.rga: rga ion client create success!
[    1.559252]  [0:      swapper/0:    1] rga: Driver loaded succesfully
[    1.559514]  [0:      swapper/0:    1] fb disp policy is box
[    1.559587]  [0:      swapper/0:    1] rk-fb rockchip-fb: rk fb ion client create success!
[    1.559615]  [0:      swapper/0:    1] rk-fb rockchip-fb: rockchip framebuffer driver probe
[    1.560070]  [0:      swapper/0:    1] rk-screen rk_screen.12: rockchip screen probe success
[    1.560324]  [0:      swapper/0:    1] rk31xx-lvds ff968000.lvds: rk31xx_lvds_probe,type=1
[    1.560365]  [0:      swapper/0:    1] rk31xx-lvds rk31xx-lvds: no default pinctrl state
[    1.560553]  [0:      swapper/0:    1] rk31xx-lvds rk31xx-lvds: rk31xx lvds driver probe success
[    1.561675]  [0:      swapper/0:    1] rk3368-lcdc ff930000.lcdc: lcdc_dev->regs=0xffffff8000280000
[    1.562073]  [0:      swapper/0:    1] graphics fb0: rockchip framebuffer registerd:fb0
[    1.562453]  [0:      swapper/0:    1] graphics fb1: rockchip framebuffer registerd:fb1
[    1.562657]  [0:      swapper/0:    1] graphics fb2: rockchip framebuffer registerd:fb2
[    1.562862]  [0:      swapper/0:    1] graphics fb3: rockchip framebuffer registerd:fb3
[    1.563058]  [0:      swapper/0:    1] graphics fb4: rockchip framebuffer registerd:fb4
[    1.563681]  [0:      swapper/0:    1] rk3368-lcdc lcdc0: lcdc0: dclk:74250000>>fps:62 
[    1.576048]  [0:      swapper/0:    1] alloc_buffer:ion_phy_addr=0x10000000
[    1.579885]  [0:      swapper/0:    1] fb0:phy:10000000>>vir:ffffff8000291000>>len:0x1000000
[    1.617957]  [0:      swapper/0:    1] rk_iommu ff930300.vop_mmu: rockchip_iommu_attach_device: Attached new IOMMU with pgtable 0x79c6e000
[    1.618024]  [0:      swapper/0:    1] rk3368-lcdc lcdc0: lcdc0 probe ok, iommu enabled
[    1.620000]  [0:      swapper/0:    1] NET: Registered protocol family 2
[    1.620921]  [0:      swapper/0:    1] TCP established hash table entries: 16384 (order: 6, 262144 bytes)
[    1.621399]  [0:      swapper/0:    1] TCP bind hash table entries: 16384 (order: 6, 262144 bytes)
[    1.621886]  [0:      swapper/0:    1] TCP: Hash tables configured (established 16384 bind 16384)
[    1.621975]  [0:      swapper/0:    1] TCP: reno registered
[    1.622006]  [0:      swapper/0:    1] UDP hash table entries: 1024 (order: 3, 32768 bytes)
[    1.622104]  [0:      swapper/0:    1] UDP-Lite hash table entries: 1024 (order: 3, 32768 bytes)
[    1.622462]  [0:      swapper/0:    1] NET: Registered protocol family 1
[    2.028932]  [0:    kworker/0:1:   50] rk_battery_charger_detect_cb , battery_charger_detect 2
[    2.094058]  [0:      swapper/0:    1] Unpacking initramfs...
[    2.183551]  [0:      swapper/0:    1] Freeing initrd memory: 1308K (ffffffc0059f0000 - ffffffc005b37000)
[    2.184699]  [0:      swapper/0:    1] rknandbase v1.0 2014-03-31
[    2.184872]  [0:      swapper/0:    1] rknand: probe of ff400000.nandc0 failed with error -1
[    2.185014]  [0:      swapper/0:    1] rknand_driver:ret = 0 
[    2.185203]  [0:      swapper/0:    1] vcodec_service: probe device ff9a0000.vpu_combo
[    2.185474]  [0:      swapper/0:    1] vcodec_service: ff9a0000.vpu_combo: power on
[    2.185626]  [0:      swapper/0:    1] vcodec_service: probe device vpu_service.16
[    2.185665]  [0:      swapper/0:    1] vcodec_service: checking hw id 4831
[    2.186621]  [0:      swapper/0:    1] vcodec_service: probe device hevc_service.17
[    2.186668]  [0:      swapper/0:    1] vcodec_service: checking hw id 6867
[    2.187389]  [0:      swapper/0:    1] vcodec_service: ff9a0000.vpu_combo: power off...
[    2.187463]  [0:      swapper/0:    1] vcodec_service: done
[    2.187486]  [0:      swapper/0:    1] vcodec_service: init success
[    2.189032]  [0:      swapper/0:    1] audit: initializing netlink socket (disabled)
[    2.189090]  [0:      swapper/0:    1] type=2000 audit(0.980:1): initialized
[    2.196229]  [0:      swapper/0:    1] fuse init (API version 7.22)
[    2.196690]  [0:      swapper/0:    1] msgmni has been set to 3934
[    2.199278]  [0:      swapper/0:    1] Block layer SCSI generic (bsg) driver version 0.4 loaded (major 247)
[    2.199310]  [0:      swapper/0:    1] io scheduler noop registered
[    2.199435]  [0:      swapper/0:    1] io scheduler cfq registered (default)
[    2.201752]  [0:      swapper/0:    1] rockchip-hdmiv2 ff980000.hdmi: rockchip hdmiv2 probe sucess.
[    2.202762]  [0:      swapper/0:    1] IEP Power ON
[    2.202823]  [0:      swapper/0:    1] iep ion client create success!
[    2.203288]  [0:      swapper/0:    1] rk_iommu ff900800.iep_mmu: rockchip_iommu_attach_device: Attached new IOMMU with pgtable 0x79c68000
[    2.203312]  [0:      swapper/0:    1] IEP Power OFF
[    2.203344]  [0:      swapper/0:    1] IEP Driver loaded succesfully
[    2.203489]  [0:      swapper/0:    1] Module initialized.
[    2.204973]  [0:      swapper/0:    1] dma-pl330 ff600000.pdma: Loaded driver for PL330 DMAC-2364208
[    2.205008]  [0:      swapper/0:    1] dma-pl330 ff600000.pdma: 	DBUFF-32x8bytes Num_Chans-6 Num_Peri-12 Num_Events-12
[    2.206817]  [0:      swapper/0:    1] dma-pl330 ff250000.pdma: Loaded driver for PL330 DMAC-2364208
[    2.206852]  [0:      swapper/0:    1] dma-pl330 ff250000.pdma: 	DBUFF-128x8bytes Num_Chans-8 Num_Peri-20 Num_Events-16
[    2.207352]  [0:      swapper/0:    1] vdd_logic: 900 <--> 1375 mV at 1000 mV 
[    2.207785]  [0:      swapper/0:    1] rk_serial.c v1.8 2014-03-04
[    2.208255]  [0:      swapper/0:    1] ff180000.serial: ttyS0 at MMIO 0xff180000 (irq = 87) is a rk29_serial.0
[    2.208538]  [0:      swapper/0:    1] serial ff180000.serial: membase ffffff80022be000
[    2.208664]  [0:      swapper/0:    1] ff690000.serial: ttyS2 at MMIO 0xff690000 (irq = 89) is a rk29_serial.2
[    2.211571]  [0:      swapper/0:    1] console [ttyS2] enabled
[    2.211824]  [0:      swapper/0:    1] serial ff690000.serial: membase ffffff80022e2000
[    2.212106]  [0:      swapper/0:    1] PVR_K: sys.gpvr.version=Rogue L 0.28
[    2.212614]  [0:      swapper/0:    1] raw version=0x10006,rk_tf_version=1.6
[    2.212763]  [0:      swapper/0:    1] rgx_dvfs_infotbl[0].clock=300,min_threshold=0,max_threshold=40,coef=100
[    2.212795]  [0:      swapper/0:    1] rgx_dvfs_infotbl[1].clock=400,min_threshold=58,max_threshold=70,coef=95
[    2.212825]  [0:      swapper/0:    1] rgx_dvfs_infotbl[2].clock=600,min_threshold=84,max_threshold=100,coef=90
[    2.248289]  [0:      swapper/0:    1] loop: module loaded
[    2.248733]  [0:      swapper/0:    1] zram: Created 1 device(s) ...
[    2.248839]  [0:      swapper/0:    1] i2c-core: driver [mpu6050B1] using legacy suspend method
[    2.248868]  [0:      swapper/0:    1] i2c-core: driver [mpu6050B1] using legacy resume method
[    2.248899]  [0:      swapper/0:    1] mpu_init: Probe name mpu6050B1
[    2.249082]  [0:      swapper/0:    1] ak8963_mod_init: Probe name ak8963_mod
[    2.250065]  [0:      swapper/0:    1] SCSI Media Changer driver v0.25 
[    2.250478]  [0:      swapper/0:    1] tun: Universal TUN/TAP device driver, 1.6
[    2.250507]  [0:      swapper/0:    1] tun: (C) 1999-2004 Max Krasnyansky <maxk@qualcomm.com>
[    2.251401]  [0:      swapper/0:    1] stmmac_probe_config_dt: Can not read property: pmu_regulator.
[    2.251437]  [0:      swapper/0:    1] stmmac_probe_config_dt: clock input/output? (input).
[    2.251467]  [0:      swapper/0:    1] stmmac_probe_config_dt: TX delay(0x28).
[    2.251495]  [0:      swapper/0:    1] stmmac_probe_config_dt: RX delay(0x10).
[    2.251677]  [0:      swapper/0:    1] stmmac_probe_config_dt: is rockchip,rk3368-gmac
[    2.251740]  [0:      swapper/0:    1] stmmc_pltfr_init:
[    2.251765]  [0:      swapper/0:    1] stmmc_pltfr_init: ERROR: Get power-gpio failed.
[    2.251800]  [0:      swapper/0:    1] stmmc_pltfr_init: init for RGMII
[    2.251826]  [0:      swapper/0:    1] tx delay=0x28
[    2.251826]  [0:      swapper/0:    1] rx delay=0x10
[    2.252147]  [0:      swapper/0:    1] stmmac - user ID: 0x10, Synopsys ID: 0x35
[    2.252174]  [0:      swapper/0:    1]  Normal descriptors
[    2.252197]  [0:      swapper/0:    1]  Ring mode enabled
[    2.252221]  [0:      swapper/0:    1]  DMA HW capability register supported
[    2.252245]  [0:      swapper/0:    1]  RX Checksum Offload Engine supported (type 2)
[    2.252270]  [0:      swapper/0:    1]  TX Checksum insertion supported
[    2.252294]  [0:      swapper/0:    1]  Wake-Up On Lan supported
[    2.252349]  [0:      swapper/0:    1]  Enable RX Mitigation via HW Watchdog Timer
[    2.252940]  [0:      swapper/0:    1] PPP generic driver version 2.4.2
[    2.253146]  [0:      swapper/0:    1] PPP BSD Compression module registered
[    2.253173]  [0:      swapper/0:    1] PPP Deflate Compression module registered
[    2.253213]  [0:      swapper/0:    1] PPP MPPE Compression module registered
[    2.253241]  [0:      swapper/0:    1] NET: Registered protocol family 24
[    2.253292]  [0:      swapper/0:    1] SLIP: version 0.8.4-NET3.019-NEWTTY (dynamic channels, max=256) (6 bit encapsulation enabled).
[    2.253321]  [0:      swapper/0:    1] CSLIP: code copyright 1989 Regents of the University of California.
[    2.253349]  [0:      swapper/0:    1] Rockchip WiFi SYS interface (V1.00) ... 
[    2.253403]  [0:      swapper/0:    1] esp_mem_init enter date Mar 28 2016 09:59:20
[    2.253430]  [0:      swapper/0:    1] esp_mem_init VERSION [V2.5]
[    2.253492]  [0:      swapper/0:    1] esp_mem_init complete 
[    2.253580]  [0:      swapper/0:    1] usbcore: registered new interface driver catc
[    2.253643]  [0:      swapper/0:    1] usbcore: registered new interface driver kaweth
[    2.253671]  [0:      swapper/0:    1] pegasus: v0.9.3 (2013/04/25), Pegasus/Pegasus II USB Ethernet driver
[    2.253733]  [0:      swapper/0:    1] usbcore: registered new interface driver pegasus
[    2.253827]  [0:      swapper/0:    1] usbcore: registered new interface driver rtl8150
[    2.253891]  [0:      swapper/0:    1] usbcore: registered new interface driver r8152
[    2.253918]  [0:      swapper/0:    1] hso: drivers/net/usb/hso.c: Option Wireless
[    2.254017]  [0:      swapper/0:    1] usbcore: registered new interface driver hso
[    2.254086]  [0:      swapper/0:    1] usbcore: registered new interface driver asix
[    2.254149]  [0:      swapper/0:    1] usbcore: registered new interface driver ax88179_178a
[    2.254211]  [0:      swapper/0:    1] usbcore: registered new interface driver cdc_ether
[    2.254274]  [0:      swapper/0:    1] usbcore: registered new interface driver cdc_eem
[    2.254336]  [0:      swapper/0:    1] usbcore: registered new interface driver dm9601
[    2.254401]  [0:      swapper/0:    1] usbcore: registered new interface driver dm9620
[    2.254473]  [0:      swapper/0:    1] usbcore: registered new interface driver smsc75xx
[    2.254550]  [0:      swapper/0:    1] usbcore: registered new interface driver smsc95xx
[    2.254612]  [0:      swapper/0:    1] usbcore: registered new interface driver gl620a
[    2.254674]  [0:      swapper/0:    1] usbcore: registered new interface driver net1080
[    2.254807]  [0:      swapper/0:    1] usbcore: registered new interface driver plusb
[    2.254873]  [0:      swapper/0:    1] usbcore: registered new interface driver rndis_host
[    2.254940]  [0:      swapper/0:    1] usbcore: registered new interface driver cdc_subset
[    2.255003]  [0:      swapper/0:    1] usbcore: registered new interface driver zaurus
[    2.255068]  [0:      swapper/0:    1] usbcore: registered new interface driver MOSCHIP usb-ethernet driver
[    2.255152]  [0:      swapper/0:    1] usbcore: registered new interface driver int51x1
[    2.255220]  [0:      swapper/0:    1] usbcore: registered new interface driver kalmia
[    2.255283]  [0:      swapper/0:    1] usbcore: registered new interface driver ipheth
[    2.255350]  [0:      swapper/0:    1] usbcore: registered new interface driver sierra_net
[    2.255414]  [0:      swapper/0:    1] usbcore: registered new interface driver cx82310_eth
[    2.255487]  [0:      swapper/0:    1] usbcore: registered new interface driver cdc_ncm
[    2.255555]  [0:      swapper/0:    1] usbcore: registered new interface driver qmi_wwan
[    2.255619]  [0:      swapper/0:    1] usbcore: registered new interface driver cdc_mbim
[    2.255647]  [0:      swapper/0:    1] ehci_hcd: USB 2.0 'Enhanced' Host Controller (EHCI) Driver
[    2.255674]  [0:      swapper/0:    1] ehci-platform: EHCI generic platform driver
[    2.256242]  [0:      swapper/0:    1] ehci-platform ff500000.usb: EHCI Host Controller
[    2.256298]  [0:      swapper/0:    1] ehci-platform ff500000.usb: new USB bus registered, assigned bus number 1
[    2.256837]  [0:      swapper/0:    1] ehci-platform ff500000.usb: irq 56, io mem 0xff500000
[    2.274424]  [0:      swapper/0:    1] ehci-platform ff500000.usb: USB 2.0 started, EHCI 1.00
[    2.274550]  [0:      swapper/0:    1] usb usb1: New USB device found, idVendor=1d6b, idProduct=0002
[    2.274584]  [0:      swapper/0:    1] usb usb1: New USB device strings: Mfr=3, Product=2, SerialNumber=1
[    2.274616]  [0:      swapper/0:    1] usb usb1: Product: EHCI Host Controller
[    2.274647]  [0:      swapper/0:    1] usb usb1: Manufacturer: Linux 3.10.0 ehci_hcd
[    2.274677]  [0:      swapper/0:    1] usb usb1: SerialNumber: ff500000.usb
[    2.275265]  [0:      swapper/0:    1] hub 1-0:1.0: USB hub found
[    2.275309]  [0:      swapper/0:    1] hub 1-0:1.0: 1 port detected
[    2.275830]  [0:      swapper/0:    1] ohci_hcd: USB 1.1 'Open' Host Controller (OHCI) Driver
[    2.275860]  [0:      swapper/0:    1] ohci-platform: OHCI generic platform driver
[    2.276181]  [0:      swapper/0:    1] ohci-platform ff520000.usb: Generic Platform OHCI controller
[    2.276231]  [0:      swapper/0:    1] ohci-platform ff520000.usb: new USB bus registered, assigned bus number 2
[    2.276303]  [0:      swapper/0:    1] ohci-platform ff520000.usb: irq 57, io mem 0xff520000
[    2.304130]  [0:  kworker/u16:1:   64] hdmi output corlor mode is 3
[    2.304163]  [0:  kworker/u16:1:   64] hdmi connect to lcdc0
[    2.304190]  [0:  kworker/u16:1:   64] switch:en=1,lcdc_id=0,screen type=6,cur type=1
[    2.304237]  [0:  kworker/u16:1:   64] rk3368-lcdc lcdc0: lcdc0: dclk:74250000>>fps:60 
[    2.304291]  [0:  kworker/u16:1:   64] pixel clk is 74250000 tmds clk is 74250000
[    2.304354]  [0:  kworker/u16:1:   64] rockchip-hdmiv2 ff980000.hdmi: [hdmi_dev_config_video] sucess output HDMI.
[    2.337465]  [0:      swapper/0:    1] usb usb2: New USB device found, idVendor=1d6b, idProduct=0001
[    2.337501]  [0:      swapper/0:    1] usb usb2: New USB device strings: Mfr=3, Product=2, SerialNumber=1
[    2.337533]  [0:      swapper/0:    1] usb usb2: Product: Generic Platform OHCI controller
[    2.337564]  [0:      swapper/0:    1] usb usb2: Manufacturer: Linux 3.10.0 ohci_hcd
[    2.337594]  [0:      swapper/0:    1] usb usb2: SerialNumber: ff520000.usb
[    2.338092]  [0:      swapper/0:    1] hub 2-0:1.0: USB hub found
[    2.338135]  [0:      swapper/0:    1] hub 2-0:1.0: 1 port detected
[    2.338484]  [0:      swapper/0:    1] usbcore: registered new interface driver cdc_acm
[    2.338513]  [0:      swapper/0:    1] cdc_acm: USB Abstract Control Model driver for USB modems and ISDN adapters
[    2.338601]  [0:      swapper/0:    1] usbcore: registered new interface driver usblp
[    2.338670]  [0:      swapper/0:    1] usbcore: registered new interface driver cdc_wdm
[    2.338788]  [0:      swapper/0:    1] usbcore: registered new interface driver usb-storage
[    2.338854]  [0:      swapper/0:    1] usbcore: registered new interface driver ums-alauda
[    2.338918]  [0:      swapper/0:    1] usbcore: registered new interface driver ums-cypress
[    2.338982]  [0:      swapper/0:    1] usbcore: registered new interface driver ums-datafab
[    2.339044]  [0:      swapper/0:    1] usbcore: registered new interface driver ums_eneub6250
[    2.339108]  [0:      swapper/0:    1] usbcore: registered new interface driver ums-freecom
[    2.339173]  [0:      swapper/0:    1] usbcore: registered new interface driver ums-isd200
[    2.339235]  [0:      swapper/0:    1] usbcore: registered new interface driver ums-jumpshot
[    2.339303]  [0:      swapper/0:    1] usbcore: registered new interface driver ums-karma
[    2.339368]  [0:      swapper/0:    1] usbcore: registered new interface driver ums-onetouch
[    2.339432]  [0:      swapper/0:    1] usbcore: registered new interface driver ums-sddr09
[    2.339496]  [0:      swapper/0:    1] usbcore: registered new interface driver ums-sddr55
[    2.339570]  [0:      swapper/0:    1] usbcore: registered new interface driver ums-usbat
[    2.339733]  [0:      swapper/0:    1] usbcore: registered new interface driver usbserial
[    2.339800]  [0:      swapper/0:    1] usbcore: registered new interface driver usbserial_generic
[    2.339853]  [0:      swapper/0:    1] usbserial: USB Serial support registered for generic
[    2.339923]  [0:      swapper/0:    1] usbcore: registered new interface driver option
[    2.339975]  [0:      swapper/0:    1] usbserial: USB Serial support registered for GSM modem (1-port)
[    2.340163]  [0:      swapper/0:    1] usbcore: registered new interface driver trancevibrator
[    2.340191]  [0:      swapper/0:    1] usb20_otg: version 3.10a 21-DEC-2012
[    2.340689]  [0:      swapper/0:    1] ffffff8002400040
[    2.340719]  [0:      swapper/0:    1] Core Release: 3.10a
[    2.340746]  [0:      swapper/0:    1] Setting default values for core params
[    2.340898]  [0:      swapper/0:    1] Using Buffer DMA mode
[    2.340926]  [0:      swapper/0:    1] Periodic Transfer Interrupt Enhancement - disabled
[    2.340952]  [0:      swapper/0:    1] Multiprocessor Interrupt Enhancement - disabled
[    2.340979]  [0:      swapper/0:    1] OTG VER PARAM: 0, OTG VER FLAG: 0
[    2.341004]  [0:      swapper/0:    1] ^^^^^^^^^^^^^^^^^Device Mode
[    2.341036]  [0:      swapper/0:    1] Dedicated Tx FIFOs mode
[    2.341073]  [0:      swapper/0:    1] pcd_init otg_dev = ffffffc0785c8fc0
[    2.341264]  [0:      swapper/0:    1] usb20_otg ff580000.usb: DWC OTG Controller
[    2.341312]  [0:      swapper/0:    1] usb20_otg ff580000.usb: new USB bus registered, assigned bus number 3
[    2.341364]  [0:      swapper/0:    1] usb20_otg ff580000.usb: irq 55, io mem 0x00000000
[    2.341457]  [0:      swapper/0:    1] usb usb3: New USB device found, idVendor=1d6b, idProduct=0002
[    2.341492]  [0:      swapper/0:    1] usb usb3: New USB device strings: Mfr=3, Product=2, SerialNumber=1
[    2.341523]  [0:      swapper/0:    1] usb usb3: Product: DWC OTG Controller
[    2.341554]  [0:      swapper/0:    1] usb usb3: Manufacturer: Linux 3.10.0 dwc_otg_hcd
[    2.341585]  [0:      swapper/0:    1] usb usb3: SerialNumber: ff580000.usb
[    2.342078]  [0:      swapper/0:    1] hub 3-0:1.0: USB hub found
[    2.342122]  [0:      swapper/0:    1] hub 3-0:1.0: 1 port detected
[    2.353232]  [0:      swapper/0:    1] usb20_host: version 3.10a 21-DEC-2012
[    2.363311]  [0:      swapper/0:    1] usbcore: registered new interface driver xpad
[    2.363394]  [0:      swapper/0:    1] usbcore: registered new interface driver usb_acecad
[    2.363466]  [0:      swapper/0:    1] usbcore: registered new interface driver aiptek
[    2.363535]  [0:      swapper/0:    1] usbcore: registered new interface driver gtco
[    2.363606]  [0:      swapper/0:    1] usbcore: registered new interface driver hanwang
[    2.363680]  [0:      swapper/0:    1] usbcore: registered new interface driver kbtab
[    2.363767]  [0:      swapper/0:    1] usbcore: registered new interface driver wacom
[    2.372908]  [0:      swapper/0:    1] sensor_register_slave:mma8452,id=17
[    2.372940]  [0:      swapper/0:    1] sensor_register_slave:gs_mc3230,id=23
[    2.372965]  [0:      swapper/0:    1] gsensor_init
[    2.372990]  [0:      swapper/0:    1] sensor_register_slave:mpu6880_acc,id=24
[    2.373017]  [0:      swapper/0:    1] sensor_register_slave:mpu6500_acc,id=25
[    2.373044]  [0:      swapper/0:    1] sensor_register_slave:cm3217,id=48
[    2.373070]  [0:      swapper/0:    1] sensor_register_slave:cm3218,id=49
[    2.373505]  [0:      swapper/0:    1] .. rk pwm remotectl v1.1 init
[    2.373805]  [0:      swapper/0:    1] input: ff680030.pwm as /devices/ff680030.pwm/input/input0
[    2.378786]  [0:      swapper/0:    1] rtc_hym8563 0-0051: rtc core: registered hym8563 as rtc0
[    2.378851]  [0:      swapper/0:    1] i2c /dev entries driver
[    2.379327]  [0:      swapper/0:    1] IR NEC protocol handler initialized
[    2.379357]  [0:      swapper/0:    1] IR RC5(x) protocol handler initialized
[    2.379382]  [0:      swapper/0:    1] IR RC6 protocol handler initialized
[    2.379407]  [0:      swapper/0:    1] IR JVC protocol handler initialized
[    2.379432]  [0:      swapper/0:    1] IR Sony protocol handler initialized
[    2.379457]  [0:      swapper/0:    1] IR RC5 (streamzap) protocol handler initialized
[    2.379483]  [0:      swapper/0:    1] IR SANYO protocol handler initialized
[    2.379508]  [0:      swapper/0:    1] IR MCE Keyboard/mouse protocol handler initialized
[    2.379722]  [0:      swapper/0:    1] usbcore: registered new interface driver uvcvideo
[    2.379750]  [0:      swapper/0:    1] USB Video Class driver (1.1.1)
[    2.379779]  [0:      swapper/0:    1] CamSys driver version: v0.32.0,  CamSys head file version: v0.11.0
[    2.379808]  [0:      swapper/0:    1] E:camsys_soc_init(30): camsys_soc_init exit!
[    2.382589]  [0:      swapper/0:    1] D1:camsys_mipiphy_probe_cb(115): compatible is rockchip,rk3368
[    2.382589]  [0:      swapper/0:    1] 
[    2.382723]  [0:      swapper/0:    1] D1:camsys_mipiphy_probe_cb(186): ff910000.isp mipi phy0 probe success(reg_phy: 0x0  reg_vir: 0x0  size: 0x0)
[    2.382845]  [0:      swapper/0:    1] D1:camsys_mipiphy_probe_cb(183): ff910000.isp mipi phy1 probe success(reg_phy: 0xff964000  reg_vir: 0xffffff8002338000  size: 0x4000)
[    2.382884]  [0:      swapper/0:    1] D1:camsys_mipiphy_probe_cb(201): csiphy vir addr=0xffffff8002368000
[    2.382944]  [0:      swapper/0:    1] D1:camsys_mipiphy_probe_cb(210): rk_cru_base=0xffffff8002334000
[    2.382993]  [0:      swapper/0:    1] D1:camsys_mipiphy_probe_cb(214): rk_grf_base=0xffffff8002336000
[    2.383567]  [0:      swapper/0:    1] D1:camsys_platform_probe(1394): ff910000.isp memory:
[    2.383602]  [0:      swapper/0:    1] D1:camsys_platform_probe(1404):     Register memory (phy: 0xff910000 vir: 0xffffff80023c0000 size: 0x10000)
[    2.383635]  [0:      swapper/0:    1] D1:camsys_platform_probe(1399):     I2c memory (phy: 0x78770000 vir: 0xffffffc078570000 size: 0x1000)
[    2.383665]  [0:      swapper/0:    1] D1:camsys_init_ext_fsh_module(20): init external flash module
[    2.383693]  [0:      swapper/0:    1] D1:camsys_platform_probe(1419): Probe ff910000.isp device success 
[    2.384965]  [0:      swapper/0:    1] i2c-core: driver [bq27320] using legacy suspend method
[    2.384996]  [0:      swapper/0:    1] i2c-core: driver [bq27320] using legacy resume method
[    2.385503]  [0:      swapper/0:    1] rockchip-iodomain io-domains.33: rockchip iodomain parse grf supply failed
[    2.385547]  [0:      swapper/0:    1] platform io-domains.33: Driver rockchip-iodomain requests probe deferral
[    2.386283]  [0:      swapper/0:    1] rockchip-thermal ff280000.tsadc: Missing tshut-polarity property, using default (low)
[    2.386646]  [0:      swapper/0:    1] device-mapper: uevent: version 1.0.3
[    2.386954]  [0:      swapper/0:    1] device-mapper: ioctl: 4.24.0-ioctl (2013-01-15) initialised: dm-devel@redhat.com
[    2.402491]  [0:      swapper/0:    1] Bluetooth: HCI UART driver ver 2.2
[    2.402522]  [0:      swapper/0:    1] Bluetooth: HCI H4 protocol initialized
[    2.402548]  [0:      swapper/0:    1] Bluetooth: HCILL protocol initialized
[    2.405663]  [0:      swapper/0:    1] rockchip_big_little: version 1.0, suspend freq 1008 1008 MHz
[    2.406155]  [0:      swapper/0:    1] cpuidle: using governor ladder
[    2.406185]  [0:      swapper/0:    1] cpuidle: using governor menu
[    2.406830]  [0:      swapper/0:    1] Synopsys Designware Multimedia Card Interface Driver
[    2.406858]  [0:      swapper/0:    1] MHSC version = Ver 2.00 2015-06-10
[    2.407300]  [0:      swapper/0:    1] dw cru_regsbase addr 0x320.
[    2.407328]  [0:      swapper/0:    1] dw cru_reset_offset val 3.
[    2.407361]  [0:      swapper/0:    1] dwmmc_rockchip ff0f0000.rksdmmc: Version ID is 270a
[    2.451867]  [0:    kworker/0:1:   50] Using Buffer DMA mode
[    2.451892]  [0:    kworker/0:1:   50] Periodic Transfer Interrupt Enhancement - disabled
[    2.451912]  [0:    kworker/0:1:   50] Multiprocessor Interrupt Enhancement - disabled
[    2.451933]  [0:    kworker/0:1:   50] OTG VER PARAM: 0, OTG VER FLAG: 0
[    2.451952]  [0:    kworker/0:1:   50] ^^^^^^^^^^^^^^^^^^Host Mode
[    2.452331]  [0:      swapper/0:    1] dwmmc_rockchip ff0f0000.rksdmmc: Using internal DMA controller.
[    2.452558]  [0:      swapper/0:    1] dw_mci_init_slot: fmin=400000, fmax=150000000 [mmc0]
[    2.452711]  [0:      swapper/0:    1] 1358..dw_mci_set_ios:  no card. [mmc0]
[    2.471224]  [2:      swapper/0:    1] 1358..dw_mci_set_ios:  no card. [mmc0]
[    2.490926]  [0:      swapper/0:    1] dwmmc_rockchip ff0f0000.rksdmmc: DW MMC controller at irq 67, 32 bit host data width, 256 deep fifo
[    2.490945]  [0:      swapper/0:    1] dwmmc_rockchip ff0f0000.rksdmmc: 1 slots initialized
[    2.491524]  [0:      swapper/0:    1] dw cru_regsbase addr 0x320.
[    2.491542]  [0:      swapper/0:    1] dw cru_reset_offset val 0.
[    2.491559]  [0:      swapper/0:    1] dwmmc_rockchip ff0c0000.rksdmmc: Version ID is 270a
[    2.491714]  [0:  kworker/u16:1:   64] rk_sdmmc: BOOT dw_mci_setup_bus: argue clk_mmc workaround out 800000Hz for init[mmc0]
[    2.492900]  [0:      swapper/0:    1] dwmmc_rockchip ff0c0000.rksdmmc: Using internal DMA controller.
[    2.493053]  [0:      swapper/0:    1] dw_mci_init_slot: fmin=400000, fmax=50000000 [mmc1]
[    2.493157]  [0:      swapper/0:    1] mmc1: no vmmc regulator found
[    2.493359]  [0:      swapper/0:    1] 1358..dw_mci_set_ios:  no card. [mmc1]
[    2.500871]  [0:  kworker/u16:0:    6] Init: Power Port (0)
[    2.500887]  [0:  kworker/u16:0:    6] rk_battery_charger_detect_cb , battery_charger_detect 5
[    2.500927]  [0:    kworker/0:1:   50] ff580000.usb resume, HPRT0:0x1000
[    2.500989]  [0:    kworker/0:1:   50] ff580000.usb suspend, HPRT0:0x1000
[    2.510570]  [0:      swapper/0:    1] 1358..dw_mci_set_ios:  no card. [mmc1]
[    2.530296]  [0:      swapper/0:    1] dwmmc_rockchip ff0c0000.rksdmmc: DW MMC controller at irq 64, 32 bit host data width, 256 deep fifo
[    2.530314]  [0:      swapper/0:    1] dwmmc_rockchip ff0c0000.rksdmmc: 1 slots initialized
[    2.530907]  [0:      swapper/0:    1] dw cru_regsbase addr 0x320.
[    2.530924]  [0:      swapper/0:    1] dw cru_reset_offset val 1.
[    2.530941]  [0:      swapper/0:    1] dwmmc_rockchip ff0d0000.rksdmmc: Version ID is 270a
[    2.531288]  [0:      swapper/0:    1] dwmmc_rockchip ff0d0000.rksdmmc: Using internal DMA controller.
[    2.531440]  [0:      swapper/0:    1] dw_mci_init_slot: fmin=200000, fmax=50000000 [mmc2]
[    2.531682]  [0:      swapper/0:    1] 1358..dw_mci_set_ios:  no card. [mmc2]
[    2.550007]  [0:      swapper/0:    1] 1358..dw_mci_set_ios:  no card. [mmc2]
[    2.550133]  [0:  kworker/u16:1:   64] mmc0: BKOPS_EN bit is not set
[    2.552426]  [0:  kworker/u16:1:   64] mmc_host mmc0: Bus speed (slot 0) = 150000000Hz (slot req 52000000Hz, actual 37500000HZ div = 2)
[    2.552454]  [0:  kworker/u16:1:   64] rk_sdmmc: BOOT dw_mci_setup_bus: argue clk_mmc workaround out normal clock [mmc0]
[    2.552468]  [0:  kworker/u16:1:   64] rk_sdmmc: ERROR dw_mci_setup_bus: div SHOULD NOT LARGER THAN ONE! [mmc0]
[    2.552484]  [0:  kworker/u16:1:   64] rk_sdmmc: BOOT dw_mci_setup_bus: workaround div = 1, host->bus_hz = 75000000 [mmc0]
[    2.552863]  [0:  kworker/u16:1:   64] rk_sdmmc: BOOT Bus speed=37500000Hz,Bus width=8bits.[mmc0]
[    2.560527]  [0:  kworker/u16:1:   64] mmc0: new high speed DDR MMC card at address 0001
[    2.560837]  [0:  kworker/u16:1:   64] mmcblk0: mmc0:0001 HAG4a‘ 14.6 GiB 
[    2.561111]  [0:  kworker/u16:1:   64]      uboot: 0x000400000 -- 0x000800000 (4 M00000 -- 0x000c00000 (4 MB)
[    2.561143]  [0:  kworker/u16:1:   64]       misc: 0x000c00000 -- 0x001000000 (4 MB)
[    2.561158]  [0:  kworker/u16:1:   64]   resource: 0x001000000 -- 0x002000000 (16 MB)
[    2.561174]  [0:  kworker/u16:1:   64]     kernel: 0x002000000 -- 0x003000000 (16 MB)
[    2.561189]  [0:  kworker/u16:1:   64]       boot: 0x003000000 -- 0x005000000 (32 MB)
[    2.561203]  [0:  kworker/u16:1:   64]   recovery: 0x005000000 -- 0x007000000 (32 MB)
[    2.561218]  [0:  kworker/u16:1:   64]     backup: 0x007000000 -- 0x00e000000 (112 MB)
[    2.561233]  [0:  kworker/u16:1:   64]      cache: 0x00e000000 -- 0x016000000 (128 MB)
[    2.561248]  [0:  kworker/u16:1:   64]     kpanic: 0x016000000 -- 0x016400000 (4 MB)
[    2.561264]  [0:  kworker/u16:1:   64]     system: 0x016400000 -- 0x060400000 (1184 MB)
[    2.561279]  [0:  kworker/u16:1:   64]   metadata: 0x060400000 -- 0x061400000 (16 MB)
[    2.561294]  [0:  kworker/u16:1:   64] baseparamer: 0x061400000 -- 0x061800000 (4 MB)
[    2.561309]  [0:  kworker/u16:1:   64]   userdata: 0x061800000 -- 0x0e1800000 (2048 MB)
[    2.561324]  [0:  kworker/u16:1:   64] radical_update: 0x0e1800000 -- 0x0e5800000 (64 MB)
[    2.561339]  [0:  kworker/u16:1:   64]       user: 0x0e5800000 -- 0x3ab000000 (11352 MB)
[    2.561379]  [0:  kworker/u16:1:   64]  mmcblk0: p1 p2 p3 p4 p5 p6 p7 p8 p9 p10 p11 p12 p13 p14 p15 p161358..dw_mci_set_ shell@rk3368_box:/ $ dwmmc_rockchip ff0d0000.rksdmmc: DW MMC controller at irq 65, 32 bit host data width, 256 deep fifo
[    2.569704]  [0:      swapper/0:    1] dwmmc_rockchip ff0d0000.rksdmmc: 1 slots initialized
[    2.570017]  [0:      swapper/0:    1] leds-gpio power-led.32: pins are not configured from the driver
[    2.570161]  [0:      swapper/0:    1] vvvv--led.gpio=7d  led.name=red---vvvvvvvvv
[    2.570266]  [0:      swapper/0:    1] vvvv--led.gpio=b  led.name=green---vvvvvvvvv
[    2.570380]  [0:      swapper/0:    1] hidraw: raw HID events driver (C) Jiri Kosina
[    2.571822]  [0:      swapper/0:    1] usbcore: registered new interface driver usbhid
[    2.571840]  [0:      swapper/0:    1] usbhid: USB HID core driver
[    2.571961]  [0:      swapper/0:    1] ashmem: initialized
[    2.572070]  [0:      swapper/0:    1] logger: created 256K log 'log_main'
[    2.572164]  [0:      swapper/0:    1] logger: created 256K log 'log_events'
[    2.572257]  [0:      swapper/0:    1] logger: created 256K log 'log_radio'
[    2.572352]  [0:      swapper/0:    1] logger: created 256K log 'log_system'
[    2.572503]  [0:  kworker/u16:1:   64] 1358..dw_mci_set_ios:  no card. [mmc2]
[    2.573688]  [0:      swapper/0:    1] ddr_rk3368: Rockchip DDR Initialize, verision: V1.03 20150910
[    2.585759]  [0:      swapper/0:    1] ddr_rk3368: rockchip_ddr_probe: success
[    2.587163]  [0:      swapper/0:    1] input: rk29-keypad as /devices/ff100000.adc/key.35/input/input1
[    2.588138]  [0:      swapper/0:    1] --es8316_init--start--
[    2.589163]  [0:      swapper/0:    1] rockchip-spdif ff880000.spdif: spdif ready.
[    2.589624]  [0:      swapper/0:    1] rockchip-rt5631 rockchip-rt5631.30: ASoC: CODEC (null) not registered
[    2.589673]  [0:      swapper/0:    1] rockchip_rt5631_audio_probe() register card failed:-517
[    2.589699]  [0:      swapper/0:    1] platform rockchip-rt5631.30: Driver rockchip-rt5631 requests probe deferral
[    2.589967]  [0:      swapper/0:    1] rockchip-rt3261 rockchip-rt3224.31: ASoC: CODEC (null) not registered
[    2.589997]  [0:      swapper/0:    1] rockchip_rt3261_audio_probe() register card failed:-517
[    2.590017]  [0:      swapper/0:    1] platform rockchip-rt3224.31: Driver rockchip-rt3261 requests probe deferral
[    2.668026]  [0:          khubd:   63] usb 1-1: new high-speed USB device number 2 using ehci-platform
[    2.817278]  [0:          khubd:   63] usb 1-1: New USB device found, idVendor=05e3, idProduct=0610
[    2.817299]  [0:          khubd:   63] usb 1-1: New USB device strings: Mfr=0, Product=1, SerialNumber=0
[    2.817315]  [0:          khubd:   63] usb 1-1: Product: USB2.0 Hub
[    2.817985]  [0:          khubd:   63] hub 1-1:1.0: USB hub found
[    2.818382]  [0:          khubd:   63] hub 1-1:1.0: 4 ports detected
[    3.091448]  [0:          khubd:   63] usb 1-1.3: new full-speed USB device number 3 using ehci-platform
[    3.291320]  [0:          khubd:   63] usb 1-1.3: New USB device found, idVendor=1038, idProduct=1702
[    3.291341]  [0:          khubd:   63] usb 1-1.3: New USB device strings: Mfr=1, Product=2, SerialNumber=0
[    3.291357]  [0:          khubd:   63] usb 1-1.3: Product: SteelSeries Rival 100 Gaming Mouse
[    3.291374]  [0:          khubd:   63] usb 1-1.3: Manufacturer: SteelSeries
[    3.293782]  [0:          khubd:   63] usbhid 1-1.3:1.0: can't add hid device: -32
[    3.293829]  [0:          khubd:   63] usbhid: probe of 1-1.3:1.0 failed with error -32
[    3.297240]  [0:          khubd:   63] input: SteelSeries SteelSeries Rival 100 Gaming Mouse as /devices/ff500000.usb/usb1/1-1/1-1.3/1-1.3:1.1/input/input2
[    3.297503]  [0:          khubd:   63] hid-generic 0003:1038:1702.0001: input,hidraw0: USB HID v1.11 Mouse [SteelSeries SteelSeries Rival 100 Gaming Mouse] on usb-ff500000.usb-1.3/input1
[    4.258332]  [0:      swapper/0:    1] rk1000_codec 1-0060: i2c_transfer() returned -11
[    4.523999]  [0:      swapper/0:    1] rk1000_codec 1-0060: i2c_transfer() returned -11
[    5.766230]  [0:      swapper/0:    1] rockchip-rk1000 rockchip-rk1000.29:  rk1000_codec <-> rockchip-i2s.0 mapping ok
[    5.767326]  [0:      swapper/0:    1] u32 classifier
[    5.767346]  [0:      swapper/0:    1]     Actions configured
[    5.767363]  [0:      swapper/0:    1] Netfilter messages via NETLINK v0.30.
[    5.767429]  [0:      swapper/0:    1] nf_conntrack version 0.5.0 (16384 buckets, 65536 max)
[    5.767821]  [0:      swapper/0:    1] ctnetlink v0.93: registering with nfnetlink.
[    5.767910]  [0:      swapper/0:    1] NF_TPROXY: Transparent proxy support initialized, version 4.1.0
[    5.767924]  [0:      swapper/0:    1] NF_TPROXY: Copyright (c) 2006-2007 BalaBit IT Ltd.
[    5.768223]  [0:      swapper/0:    1] xt_time: kernel timezone is -0000
[    5.768431]  [0:      swapper/0:    1] ip_tables: (C) 2000-2006 Netfilter Core Team
[    5.768593]  [0:      swapper/0:    1] arp_tables: (C) 2002 David S. Miller
[    5.768638]  [0:      swapper/0:    1] TCP: cubic registered
[    5.768651]  [0:      swapper/0:    1] Initializing XFRM netlink socket
[    5.768896]  [0:      swapper/0:    1] NET: Registered protocol family 10
[    5.769497]  [0:      swapper/0:    1] mip6: Mobile IPv6
[    5.769534]  [0:      swapper/0:    1] ip6_tables: (C) 2000-2006 Netfilter Core Team
[    5.769689]  [0:      swapper/0:    1] sit: IPv6 over IPv4 tunneling driver
[    5.770052]  [0:      swapper/0:    1] NET: Registered protocol family 17
[    5.770085]  [0:      swapper/0:    1] NET: Registered protocol family 15
[    5.770151]  [0:      swapper/0:    1] Bridge firewalling registered
[    5.770172]  [0:      swapper/0:    1] Ebtables v2.0 registered
[    5.770363]  [0:      swapper/0:    1] Bluetooth: RFCOMM TTY layer initialized
[    5.770404]  [0:      swapper/0:    1] Bluetooth: RFCOMM socket layer initialized
[    5.770418]  [0:      swapper/0:    1] Bluetooth: RFCOMM ver 1.11
[    5.770432]  [0:      swapper/0:    1] Bluetooth: BNEP (Ethernet Emulation) ver 1.3
[    5.770446]  [0:      swapper/0:    1] Bluetooth: BNEP filters: protocol multicast
[    5.770465]  [0:      swapper/0:    1] Bluetooth: BNEP socket layer initialized
[    5.770480]  [0:      swapper/0:    1] Bluetooth: HIDP (Human Interface Emulation) ver 1.2
[    5.770499]  [0:      swapper/0:    1] Bluetooth: HIDP socket layer initialized
[    5.770542]  [0:      swapper/0:    1] l2tp_core: L2TP core driver, V2.0
[    5.770564]  [0:      swapper/0:    1] l2tp_ppp: PPPoL2TP kernel driver, V2.0
[    5.770578]  [0:      swapper/0:    1] [WLAN_RFKILL]: Enter rfkill_wlan_init
[    5.770849]  [0:      swapper/0:    1] [WLAN_RFKILL]: Enter rfkill_wlan_probe
[    5.770927]  [0:      swapper/0:    1] [WLAN_RFKILL]: wlan_platdata_parse_dt: wifi_chip_type = ap6330
[    5.770943]  [0:      swapper/0:    1] [WLAN_RFKILL]: wlan_platdata_parse_dt: enable wifi power control.
[    5.770958]  [0:      swapper/0:    1] [WLAN_RFKILL]: wlan_platdata_parse_dt: disable wifi io reference voltage control.
[    5.770973]  [0:      swapper/0:    1] [WLAN_RFKILL]: wlan_platdata_parse_dt: wifi power controled by gpio.
[    5.771049]  [0:      swapper/0:    1] [WLAN_RFKILL]: wlan_platdata_parse_dt: get property: WIFI,poweren_gpio = 100, flags = 0.
[    5.771100]  [0:      swapper/0:    1] [WLAN_RFKILL]: wlan_platdata_parse_dt: get property: WIFI,host_wake_irq = 102, flags = 0.
[    5.771114]  [0:      swapper/0:    1] [WLAN_RFKILL]: rfkill_wlan_probe: init gpio
[    5.771159]  [0:      swapper/0:    1] [WLAN_RFKILL]: rockchip_wifi_voltage_select: wifi & sdio reference voltage: 1.8V
[    5.771174]  [0:      swapper/0:    1] [WLAN_RFKILL]: Exit rfkill_wlan_probe
[    5.771245]  [0:      swapper/0:    1] [BT_RFKILL]: Enter rfkill_rk_init
[    5.771572]  [0:      swapper/0:    1] [BT_RFKILL]: bluetooth_platdata_parse_dt: get property: uart_rts_gpios = 91.
[    5.771611]  [0:      swapper/0:    1] [BT_RFKILL]: bluetooth_platdata_parse_dt: get property: BT,power_gpio = 99.
[    5.771648]  [0:      swapper/0:    1] [BT_RFKILL]: bluetooth_platdata_parse_dt: get property: BT,reset_gpio = 101.
[    5.771684]  [0:      swapper/0:    1] [BT_RFKILL]: bluetooth_platdata_parse_dt: get property: BT,wake_gpio = 98.
[    5.771720]  [0:      swapper/0:    1] [BT_RFKILL]: bluetooth_platdata_parse_dt: get property: BT,wake_host_irq = 103.
[    5.771790]  [0:      swapper/0:    1] [BT_RFKILL]: Request irq for bt wakeup host
[    5.771883]  [0:      swapper/0:    1] [BT_RFKILL]: ** disable irq
[    5.771986]  [0:      swapper/0:    1] [BT_RFKILL]: ap6330 device registered.
[    5.772966]  [0:      swapper/0:    1] Registering SWP/SWPB emulation handler
[    5.772990]  [0:      swapper/0:    1] rockchip_uboot_mem_late_init: Freeing uboot logo memory: 0x0000000002000000@0x000000007dc00000
[    5.777517]  [0:      swapper/0:    1] ddrfreq: verion 1.2 20140526
[    5.777541]  [0:      swapper/0:    1] ddrfreq: normal 792MHz video_1080p 0MHz video_4k 0MHz dualview 0MHz idle 0MHz suspend 0MHz reboot 792MHz
[    5.777556]  [0:      swapper/0:    1] ddrfreq: auto-freq=0
[    5.777569]  [0:      swapper/0:    1] ddrfreq: auto-freq-table[0] 240MHz
[    5.777582]  [0:      swapper/0:    1] ddrfreq: auto-freq-table[1] 324MHz
[    5.777595]  [0:      swapper/0:    1] ddrfreq: auto-freq-table[2] 396MHz
[    5.777608]  [0:      swapper/0:    1] ddrfreq: auto-freq-table[3] 528MHz
[    5.779609]  [4:      swapper/0:    1] video src is lcdc0, prop is 0
[    5.880196]  [6:      swapper/0:    1] rk1000_tve 1-0042: rk1000 tvencoder probe error -1
[    5.880230]  [6:      swapper/0:    1] rk1000_tve: probe of 1-0042 failed with error -22
[    5.880296]  [6:      swapper/0:    1] regulator-dummy: disabling
[    5.881183]  [0:  kworker/u16:1:   64] rockchip-iodomain io-domains.33: rockchip iodomain parse grf supply failed
[    5.881272]  [0:  kworker/u16:1:   64] platform io-domains.33: Driver rockchip-iodomain requests probe deferral
[    5.882122]  [0:  kworker/u16:1:   64] rockchip-rt5631 rockchip-rt5631.30: ASoC: CODEC (null) not registered
[    5.882240]  [0:  kworker/u16:1:   64] rockchip_rt5631_audio_probe() register card failed:-517
[    5.882317]  [0:  kworker/u16:1:   64] platform rockchip-rt5631.30: Driver rockchip-rt5631 requests probe deferral
[    5.883043]  [0:  kworker/u16:1:   64] rockchip-rt3261 rockchip-rt3224.31: ASoC: CODEC (null) not registered
[    5.883142]  [0:  kworker/u16:1:   64] rockchip_rt3261_audio_probe() register card failed:-517
[    5.883215]  [0:  kworker/u16:1:   64] platform rockchip-rt3224.31: Driver rockchip-rt3261 requests probe deferral
[    5.883362]  [0:      swapper/0:    1] =======================================================
[    5.883415]  [0:      swapper/0:    1] ==== Launching Wi-Fi driver! (Powered by Rockchip) ====
[    5.883464]  [0:      swapper/0:    1] =======================================================
[    5.883516]  [0:      swapper/0:    1]  WiFi driver (Powered by Rockchip,Ver 5.10.WFD.OOB.64bit) init.
[    5.883949]  [0:      swapper/0:    1] pcd_pullup, is_on 0
[    5.884026] I[0:      swapper/0:    1] WARN::dwc_otg_handle_mode_mismatch_intr:69: Mode Mismatch Interrupt: currently in Host mode
[    5.884026] I[0:      swapper/0:    1] 
[    5.884144] I[0:      swapper/0:    1] WARN::dwc_otg_handle_mode_mismatch_intr:69: Mode Mismatch Interrupt: currently in Host mode
[    5.884144] I[0:      swapper/0:    1] 
[    5.884350]  [0:      swapper/0:    1] file system registered
[    5.885549]  [0:wifi_init_threa:  141] dhd_module_init: in
[    5.885606]  [0:wifi_init_threa:  141] ======== bcm_wlan_set_plat_data ========
[    5.885657]  [0:wifi_init_threa:  141] [WLAN_RFKILL]: rockchip_wifi_get_oob_irq: Enter
[    5.885858]  [0:wifi_init_threa:  141] host_oob_irq: 6 
[    5.885908]  [0:wifi_init_threa:  141] host_oob_irq_flags=4
[    5.885955]  [0:wifi_init_threa:  141] dhd_wifi_platform_load: Enter
[    5.886034]  [0:wifi_init_threa:  141] Power-up adapter 'DHD generic adapter'
[    5.886143]  [0:wifi_init_threa:  141] wifi_platform_set_power = 1
[    5.886192]  [0:wifi_init_threa:  141] ======== PULL WL_REG_ON HIGH! ========
[    5.886242]  [0:wifi_init_threa:  141] [WLAN_RFKILL]: rockchip_wifi_power: 1
[    5.886294]  [0:wifi_init_threa:  141] [WLAN_RFKILL]: rockchip_wifi_ref_voltage: 1
[    5.886344]  [0:wifi_init_threa:  141] [WLAN_RFKILL]: rockchip_wifi_ref_voltage: wifi io reference voltage control is disabled.
[    5.886744]  [0:      swapper/0:    1] android_usb gadget: Mass Storage Function, version: 2009/09/11
[    5.886804]  [0:      swapper/0:    1] android_usb gadget: Number of LUNs=2
[    5.886861]  [0:      swapper/0:    1]  lun0: LUN: removable file: (no medium)
[    5.886916]  [0:      swapper/0:    1]  lun1: LUN: removable file: (no medium)
[    5.887516]  [0:      swapper/0:    1] android_usb gadget: android_usb ready
[    5.887819]  [0:      swapper/0:    1] sensor_init: Probe name sensors
[    5.887900]  [0:      swapper/0:    1] sensor-dev.c v1.4 add angle calculation support between two gsensors 2013-09-01
[    5.888658]  [0:      swapper/0:    1] rtc_hym8563 0-0051: setting system clock to 2011-01-01 12:13:17 UTC (1293883997)
[    5.908663]  [0:      swapper/0:    1] rockchip-pinctrl pinctrl.20: pin gpio0-23 already requested by fb3; cannot claim for rockchip_headset.34
[    5.908741]  [0:      swapper/0:    1] rockchip-pinctrl pinctrl.20: pin-23 (rockchip_headset.34) status -22
[    5.908803]  [0:      swapper/0:    1] rockchip-pinctrl pinctrl.20: could not request pin 23 on device rockchip-pinctrl
[    5.908968]  [0:      swapper/0:    1] rockchip_headset rockchip_headset.34: Error applying setting, reverse things back
[    5.909963]  [0:      swapper/0:    1] rockchip_headset_probe() headset have hook adc mode
[    5.910222]  [0:      swapper/0:    1] input: rockchip_headset.34 as /devices/ff100000.adc/rockchip_headset.34/input/input3
[    5.911266]  [0:  kworker/u16:1:   64] rockchip-iodomain io-domains.33: rockchip iodomain parse grf supply failed
[    5.911315]  [0:  kworker/u16:1:   64] platform io-domains.33: Driver rockchip-iodomain requests probe deferral
[    5.911799]  [0:  kworker/u16:1:   64] rockchip-rt5631 rockchip-rt5631.30: ASoC: CODEC (null) not registered
[    5.911868]  [0:  kworker/u16:1:   64] rockchip_rt5631_audio_probe() register card failed:-517
[    5.911908]  [0:  kworker/u16:1:   64] platform rockchip-rt5631.30: Driver rockchip-rt5631 requests probe deferral
[    5.912313]  [0:  kworker/u16:1:   64] rockchip-rt3261 rockchip-rt3224.31: ASoC: CODEC (null) not registered
[    5.912368]  [0:  kworker/u16:1:   64] rockchip_rt3261_audio_probe() register card failed:-517
[    5.912407]  [0:  kworker/u16:1:   64] platform rockchip-rt3224.31: Driver rockchip-rt3261 requests probe deferral
[    5.913600]  [5:      swapper/0:    1] rockchip-spdif-card rockchip-spdif-card.28:  rk-hdmi-spdif-hifi <-> ff880000.spdif mapping ok
[    5.914300]  [5:      swapper/0:    1] rk3688_suspend_init: pm_ctrbits =0x80104
[    5.914597]  [0:  kworker/u16:1:   64] rockchip-iodomain io-domains.33: rockchip iodomain parse grf supply failed
[    5.914647]  [0:  kworker/u16:1:   64] platform io-domains.33: Driver rockchip-iodomain requests probe deferral
[    5.914726]  [5:      swapper/0:    1] usbcore: registered new interface driver snd-usb-audio
[    5.914743]  [5:      swapper/0:    1] ALSA device list:
[    5.914755]  [5:      swapper/0:    1]   #0: RK_RK1000
[    5.914768]  [5:      swapper/0:    1]   #1: RK-SPDIF-CARD
[    5.915134]  [5:      swapper/0:    1] Freeing unused kernel memory: 240K (ffffffc000c30000 - ffffffc000c6c000)
[    5.915252]  [0:  kworker/u16:1:   64] rockchip-rt5631 rockchip-rt5631.30: ASoC: CODEC (null) not registered
[    5.915324]  [0:  kworker/u16:1:   64] rockchip_rt5631_audio_probe() register card failed:-517
[    5.915368]  [0:  kworker/u16:1:   64] platform rockchip-rt5631.30: Driver rockchip-rt5631 requests probe deferral
[    5.915898]  [0:  kworker/u16:1:   64] rockchip-rt3261 rockchip-rt3224.31: ASoC: CODEC (null) not registered
[    5.915965]  [0:  kworker/u16:1:   64] rockchip_rt3261_audio_probe() register card failed:-517
[    5.916006]  [0:  kworker/u16:1:   64] platform rockchip-rt3224.31: Driver rockchip-rt3261 requests probe deferral
[    5.993977]  [6:wifi_init_threa:  141] [WLAN_RFKILL]: wifi turn on power. 100
[    6.062817]  [0:irq/192-headset:  144] headset_interrupt:get pin level again,pin=23,i=0
[    6.086937]  [0:           init:    1] type=1403 audit(1293883997.690:2): policy loaded auid=4294967295 ses=4294967295
[    6.142185]  [2:        ueventd:  145] init: invalid gid 'trace'
[    6.200586]  [0:wifi_init_threa:  141] wifi_platform_bus_enumerate device present 1
[    6.200614]  [0:wifi_init_threa:  141] ======== Card detection to detect SDIO card! ========
[    6.200630]  [0:wifi_init_threa:  141] mmc2:mmc host rescan start!
[    6.280463]  [0:           init:    1] init: /dev/hw_random not found
[    6.280567]  [0:           init:    1] keychord: using input dev ff680030.pwm for fevent
[    6.280585]  [0:           init:    1] keychord: using input dev rk29-keypad for fevent
[    6.286275]  [0:           init:    1] pm policy 0 -> 1
[    6.286940]  [0:           init:    1] init: /dev/hw_random not found
[    6.288147]  [0:           init:  146] fs_mgr: Running /sbin/resize2fs on /dev/block/platform/ff0f0000.rksdmmc/by-name/system
[    6.289267]  [0:           init:  146] resize2fs: resize2fs 1.42.9 (28-Dec-2013)resize2fs: The filesystem is already 303104 blocks long.  Nothing to do!resize2fs: 
[    6.299873]  [0:           init:  146] EXT4-fs (mmcblk0p11): Ignoring removed nomblk_io_submit option
[    6.318299]  [0:           init:  146] EXT4-fs (mmcblk0p11): mounted filesystem with ordered data mode. Opts: nomblk_io_submit,errors=remount-ro
[    6.318460]  [0:           init:  146] fs_mgr: check_fs(): mount(/dev/block/platform/ff0f0000.rksdmmc/by-name/system,/system,ext4)=0
[    6.320540]  [0:           init:  146] fs_mgr: Running /sbin/e2fsck on /dev/block/platform/ff0f0000.rksdmmc/by-name/system
[    6.326660]  [0:           init:  146] e2fsck: e2fsck 1.42.9 (28-Dec-2013)
[    6.326738]  [0:           init:  146] e2fsck: system: clean, 1944/72160 files, 231118/303104 blocks
[    6.331161]  [0:           init:  146] EXT4-fs (mmcblk0p11): mounted filesystem with ordered data mode. Opts: noauto_da_alloc
[    6.331301]  [0:           init:  146] fs_mgr: __mount(source=/dev/block/platform/ff0f0000.rksdmmc/by-name/system,target=/system,type=ext4)=0
[    6.336155]  [0:           init:  146] EXT4-fs (mmcblk0p9): mounted filesystem with ordered data mode. Opts: noauto_da_alloc,discard
[    6.336300]  [0:           init:  146] fs_mgr: __mount(source=/dev/block/platform/ff0f0000.rksdmmc/by-name/cache,target=/cache,type=ext4)=0
[    6.336863]  [0:           init:  146] EXT4-fs (mmcblk0p12): Ignoring removed nomblk_io_submit option
[    6.341084]  [0:           init:  146] EXT4-fs (mmcblk0p12): mounted filesystem with ordered data mode. Opts: nomblk_io_submit,errors=remount-ro
[    6.341246]  [0:           init:  146] fs_mgr: check_fs(): mount(/dev/block/platform/ff0f0000.rksdmmc/by-name/metadata,/metadata,ext4)=0
[    6.342354]  [0:           init:  146] fs_mgr: Running /sbin/e2fsck on /dev/block/platform/ff0f0000.rksdmmc/by-name/metadata
[    6.357782]  [0:           init:  146] e2fsck: e2fsck 1.42.9 (28-Dec-2013)
[    6.357848]  [0:           init:  146] e2fsck: /dev/block/platform/ff0f0000.rksdmmc/by-name/metadata: clean, 11/1024 files, 1102/4096 blocks
[    6.362879]  [0:           init:  146] EXT4-fs (mmcblk0p12): mounted filesystem with ordered data mode. Opts: noauto_da_alloc,discard
[    6.363024]  [0:           init:  146] fs_mgr: __mount(source=/dev/block/platform/ff0f0000.rksdmmc/by-name/metadata,target=/metadata,type=ext4)=0
[    6.363095]  [0:           init:  146] fs_mgr: Running /system/bin/fsck.f2fs -f /dev/block/platform/ff0f0000.rksdmmc/by-name/userdata
[    6.397994]  [0:           init:  146] fsck.f2fs: Info: Force to fix corruption
[    6.398055]  [0:           init:  146] fsck.f2fs: Info: sector size = 512
[    6.398082]  [0:           init:  146] fsck.f2fs: Info: total sectors = 4194304 (in 512bytes)
[    6.398108]  [0:           init:  146] fsck.f2fs: 	Can't find a valid F2FS superblock at 0x0
[    6.398134]  [0:           init:  146] fsck.f2fs: 	Can't find a valid F2FS superblock at 0x1
[    6.398165]  [0:           init:  146] fsck.f2fs: fsck.f2fs terminated by exit(255)
[    6.398610]  [0:           init:  146] fs_mgr: __mount(source=/dev/block/platform/ff0f0000.rksdmmc/by-name/userdata,target=/data,type=f2fs)=-1
[    6.399128]  [0:           init:  146] EXT4-fs (mmcblk0p14): Ignoring removed nomblk_io_submit option
[    6.408808]  [0:           init:  146] EXT4-fs (mmcblk0p14): 2 orphan inodes deleted
[    6.408830]  [0:           init:  146] EXT4-fs (mmcblk0p14): recovery complete
[    6.414027]  [0:           init:  146] EXT4-fs (mmcblk0p14): mounted filesystem with ordered data mode. Opts: nomblk_io_submit,errors=remount-ro
[    6.414169]  [0:           init:  146] fs_mgr: check_fs(): mount(/dev/block/platform/ff0f0000.rksdmmc/by-name/userdata,/data,ext4)=0
[    6.415408]  [0:           init:  146] fs_mgr: Running /sbin/e2fsck on /dev/block/platform/ff0f0000.rksdmmc/by-name/userdata
[    6.417112]  [0:  kworker/u16:1:   64] rk_sdmmc: BOOT dw_mci_setup_bus: argue clk_mmc workaround out 800000Hz for init[mmc2]
[    6.422462]  [0:           init:  146] e2fsck: e2fsck 1.42.9 (28-Dec-2013)
[    6.422525]  [0:           init:  146] e2fsck: /dev/block/platform/ff0f0000.rksdmmc/by-name/userdata: clean, 2896/131072 files, 135939/524288 blocks
[    6.427387]  [0:           init:  146] EXT4-fs (mmcblk0p14): mounted filesystem with ordered data mode. Opts: noauto_da_alloc,discard,errors=panic
[    6.427518]  [0:           init:  146] fs_mgr: __mount(source=/dev/block/platform/ff0f0000.rksdmmc/by-name/userdata,target=/data,type=ext4)=0
[    6.427547]  [0:           init:  146] fs_mgr: mount_with_alternatives(): Mounted /dev/block/platform/ff0f0000.rksdmmc/by-name/userdata on /data with fs_type=ext4 instead of f2fs
[    6.434578]  [0:           init:    1] zram0: detected capacity change from 0 to 533413888
[    6.451984]  [0:  kworker/u16:1:   64] mmc2: queuing unknown CIS tuple 0x80 (2 bytes)
[    6.453507]  [0:  kworker/u16:1:   64] mmc2: queuing unknown CIS tuple 0x80 (3 bytes)
[    6.455261]  [0:  kworker/u16:1:   64] mmc2: queuing unknown CIS tuple 0x80 (3 bytes)
[    6.457980]  [0:  kworker/u16:1:   64] mmc2: queuing unknown CIS tuple 0x80 (7 bytes)
[    6.486558]  [0:           init:    1] Adding 520908k swap on /dev/block/zram0.  Priority:-1 extents:1 across:520908k SS
[    6.513562]  [0:  kworker/u16:1:   64] mmc_host mmc2: Bus speed (slot 0) = 50000000Hz (slot req 50000000Hz, actual 50000000HZ div = 0)
[    6.513603]  [0:  kworker/u16:1:   64] rk_sdmmc: BOOT dw_mci_setup_bus: argue clk_mmc workaround out normal clock [mmc2]
[    6.513750]  [0:  kworker/u16:1:   64] rk_sdmmc: BOOT Bus speed=50000000Hz,Bus width=4bits.[mmc2]
[    6.515059]  [0:  kworker/u16:1:   64] mmc2: new high speed SDIO card at address 0001
[    6.515821]  [0:  kworker/u16:2:  131] rockchip-iodomain io-domains.33: rockchip iodomain parse grf supply failed
[    6.515857]  [0:  kworker/u16:2:  131] platform io-domains.33: Driver rockchip-iodomain requests probe deferral
[    6.516213]  [0:  kworker/u16:2:  131] rockchip-rt5631 rockchip-rt5631.30: ASoC: CODEC (null) not registered
[    6.516257]  [0:  kworker/u16:2:  131] rockchip_rt5631_audio_probe() register card failed:-517
[    6.516278]  [0:  kworker/u16:2:  131] platform rockchip-rt5631.30: Driver rockchip-rt5631 requests probe deferral
[    6.516548]  [0:  kworker/u16:2:  131] rockchip-rt3261 rockchip-rt3224.31: ASoC: CODEC (null) not registered
[    6.516580]  [0:  kworker/u16:2:  131] rockchip_rt3261_audio_probe() register card failed:-517
[    6.516600]  [0:  kworker/u16:2:  131] platform rockchip-rt3224.31: Driver rockchip-rt3261 requests probe deferral
[    6.517017]  [0:  kworker/u16:1:   64] rockchip-iodomain io-domains.33: rockchip iodomain parse grf supply failed
[    6.517053]  [0:  kworker/u16:1:   64] platform io-domains.33: Driver rockchip-iodomain requests probe deferral
[    6.517336]  [0:  kworker/u16:1:   64] rockchip-rt5631 rockchip-rt5631.30: ASoC: CODEC (null) not registered
[    6.517376]  [0:  kworker/u16:1:   64] rockchip_rt5631_audio_probe() register card failed:-517
[    6.517397]  [0:  kworker/u16:1:   64] platform rockchip-rt5631.30: Driver rockchip-rt5631 requests probe deferral
[    6.517647]  [0:  kworker/u16:1:   64] rockchip-rt3261 rockchip-rt3224.31: ASoC: CODEC (null) not registered
[    6.517679]  [0:  kworker/u16:1:   64] rockchip_rt3261_audio_probe() register card failed:-517
[    6.517700]  [0:  kworker/u16:1:   64] platform rockchip-rt3224.31: Driver rockchip-rt3261 requests probe deferral
[    6.537802]  [0:wifi_init_threa:  141] bcmsdh_register: register client driver
[    6.537957]  [0:wifi_init_threa:  141] bcmsdh_sdmmc: bcmsdh_sdmmc_probe Enter
[    6.538360]  [0:  kworker/u16:2:  131] rockchip-iodomain io-domains.33: rockchip iodomain parse grf supply failed
[    6.538390]  [0:  kworker/u16:2:  131] platform io-domains.33: Driver rockchip-iodomain requests probe deferral
[    6.538742]  [0:  kworker/u16:2:  131] rockchip-rt5631 rockchip-rt5631.30: ASoC: CODEC (null) not registered
[    6.538784]  [0:  kworker/u16:2:  131] rockchip_rt5631_audio_probe() register card failed:-517
[    6.538807]  [0:  kworker/u16:2:  131] platform rockchip-rt5631.30: Driver rockchip-rt5631 requests probe deferral
[    6.539083]  [0:  kworker/u16:2:  131] rockchip-rt3261 rockchip-rt3224.31: ASoC: CODEC (null) not registered
[    6.539114]  [0:  kworker/u16:2:  131] rockchip_rt3261_audio_probe() register card failed:-517
[    6.539135]  [0:  kworker/u16:2:  131] platform rockchip-rt3224.31: Driver rockchip-rt3261 requests probe deferral
[    6.539230]  [0:wifi_init_threa:  141] bcmsdh_sdmmc: bcmsdh_sdmmc_probe Enter
[    6.539252]  [0:wifi_init_threa:  141] bus num (host idx)=2, slot num (rca)=1
[    6.539267]  [0:wifi_init_threa:  141] found adapter info 'DHD generic adapter'
[    6.539645]  [0:wifi_init_threa:  141] F1 signature read @0x18000000=0x16044330
[    6.541349]  [0:wifi_init_threa:  141] F1 signature OK, socitype:0x1 chip:0x4330 rev:0x4 pkg:0x0
[    6.541660]  [0:wifi_init_threa:  141] DHD: dongle ram size is set to 294912(orig 294912) at 0x0
[    6.541838]  [0:wifi_init_threa:  141] wifi_platform_get_mac_addr
[    6.541855]  [0:wifi_init_threa:  141] ======== bcm_wlan_get_mac_address ========
[    6.541869]  [0:wifi_init_threa:  141] [WLAN_RFKILL]: rockchip_wifi_mac_addr: enter.
[    6.541887]  [0:wifi_init_threa:  141] [WLAN_RFKILL]: falsh wifi_custom_mac_addr=[00:00:00:00:00:00]
[    6.541901]  [0:wifi_init_threa:  141] [WLAN_RFKILL]: This mac address is not valid, ignored...
[    6.541920]  [0:wifi_init_threa:  141] dhd_conf_set_chiprev: chip=0x4330, chiprev=4
[    6.541977]  [0:wifi_init_threa:  141] dhd_conf_set_conf_path_by_nv_path: config_path=/system/etc/firmware/config.txt
[    6.543010]  [0:wifi_init_threa:  141] wl_create_event_handler(): thread:wl_event_handler:ab started
[    6.543848]  [0:wl_event_handle:  171] tsk Enter, tsk = 0xffffffc07f0619a0
[    6.544221]  [0:wifi_init_threa:  141] dhd_attach(): thread:dhd_watchdog_thread:ac started
[    6.544640]  [0:wifi_init_threa:  141] dhd_attach(): thread:dhd_dpc:ad started
[    6.544996]  [0:        dhd_dpc:  173] dhd_dpc_thread: set dpc_cpucore 0 from config.txt
[    6.545102]  [0:wifi_init_threa:  141] dhd_attach(): thread:dhd_rxf:ae started
[    6.545125]  [0:wifi_init_threa:  141] dhd_deferred_work_init: work queue initialized 
[    6.545536]  [0:wifi_init_threa:  141] dhdsdio_probe_init: set use_rxchain 0 from config.txt
[    6.551323]  [0:           init:    1] EXT4-fs (mmcblk0p14): Unrecognized mount option "background_gc=on" or missing value
[    6.562481]  [1:        healthd:  176] bat_cap: oldcap path is /sys/devices/ff100000.adc
[    6.562566]  [1:        healthd:  176] bat_cap: oldcap_path no exist
[    6.562791]  [1:        healthd:  176] binder: 176:176 transaction failed 29189, size 0-0
[    6.567301]  [1:wifi_init_threa:  141] Dongle Host Driver, version 1.201.59.4 (r506368)
[    6.567301]  [1:wifi_init_threa:  141] Compiled in drivers/net/wireless/bcmdhd on Mar 28 2016 at 09:59:34
[    6.567835]  [1:wifi_init_threa:  141] Register interface [wlan0]  MAC: e0:76:d0:37:d2:f7
[    6.567835]  [1:wifi_init_threa:  141] 
[    6.567881]  [1:wifi_init_threa:  141] dhd_prot_ioctl : bus is down. we have nothing to do
[    6.567980]  [1:wifi_init_threa:  141] bcmsdh_oob_intr_unregister: Enter
[    6.568000]  [1:wifi_init_threa:  141] bcmsdh_oob_intr_unregister: irq is not registered
[    6.568022]  [1:wifi_init_threa:  141] dhd_txglom_enable: enable 0
[    6.568036]  [1:wifi_init_threa:  141] dhd_bus_devreset:  WLAN OFF DONE
[    6.568096]  [1:wifi_init_threa:  141] wifi_platform_set_power = 0
[    6.568114]  [1:wifi_init_threa:  141] ======== PULL WL_REG_ON LOW! ========
[    6.568131]  [1:wifi_init_threa:  141] [WLAN_RFKILL]: rockchip_wifi_power: 0
[    6.568417]  [1:           init:    1] init: Warning!  Service pvrsrvctl needs a SELinux domain defined; please fix!
[    6.569669]  [1:           init:    1] init: Warning!  Service displayd needs a SELinux domain defined; please fix!
[    6.571522]  [1:           init:    1] SELinux:  Could not stat /sys/devices/system/cpu/cpufreq/interactive: No such file or directory.
[    6.574350]  [1:           init:    1] init: property 'ro.serialno' doesn't exist while expanding '${ro.serialno}'
[    6.574401]  [1:           init:    1] init: cannot expand '${ro.serialno}' while writing to '/sys/class/android_usb/android0/iSerial'
[    6.574720]  [1:           init:    1] init: using deprecated syntax for specifying property 'ro.product.usbfactory', use ${name} instead
[    6.643279]  [0:      pvrsrvctl:  178] PVR_K: Compatibility checks: Ignoring fields: 'C' of HW BVNC.
[    6.672923]  [0:wifi_init_threa:  141] [WLAN_RFKILL]: wifi shut off power.
[    6.672955]  [0:wifi_init_threa:  141] [WLAN_RFKILL]: rockchip_wifi_ref_voltage: 0
[    6.672970]  [0:wifi_init_threa:  141] [WLAN_RFKILL]: rockchip_wifi_ref_voltage: wifi io reference voltage control is disabled.
[    6.673051]  [0:wifi_init_threa:  141] dhd_module_init: Exit err=0
[    6.673483]  [0:  kworker/u16:2:  131] rockchip-iodomain io-domains.33: rockchip iodomain parse grf supply failed
[    6.673518]  [0:  kworker/u16:2:  131] platform io-domains.33: Driver rockchip-iodomain requests probe deferral
[    6.673874]  [0:  kworker/u16:2:  131] rockchip-rt5631 rockchip-rt5631.30: ASoC: CODEC (null) not registered
[    6.673920]  [0:  kworker/u16:2:  131] rockchip_rt5631_audio_probe() register card failed:-517
[    6.673941]  [0:  kworker/u16:2:  131] platform rockchip-rt5631.30: Driver rockchip-rt5631 requests probe deferral
[    6.674214]  [0:  kworker/u16:2:  131] rockchip-rt3261 rockchip-rt3224.31: ASoC: CODEC (null) not registered
[    6.674245]  [0:  kworker/u16:2:  131] rockchip_rt3261_audio_probe() register card failed:-517
[    6.674266]  [0:  kworker/u16:2:  131] platform rockchip-rt3224.31: Driver rockchip-rt3261 requests probe deferral
[    6.687331]  [0:           init:    1] init: cannot find '/system/bin/debuggerd64', disabling 'debuggerd64'
[    6.688453]  [0:           init:    1] init: cannot find '/system/bin/install-recovery.sh', disabling 'flash_recovery'
[    6.689289]  [0:           init:    1] init: Warning!  Service drmservice needs a SELinux domain defined; please fix!
[    6.689641]  [0:           init:    1] init: cannot find '/system/bin/bplus_helper', disabling 'bplus_helper'
[    6.792464]  [0:           init:    1] init: Warning!  Service daemonsu needs a SELinux domain defined; please fix!
[    6.802938]  [0:           init:    1] android_usb: already disabled
[    6.807116]  [4:           adbd:  206] read descriptors
[    6.807150]  [4:           adbd:  206] read strings
[    6.807199]  [4:           adbd:  206] pcd_pullup, is_on 1
[    6.812971]  [1:           logd:  175] logd.auditd: start
[    6.953264]  [0:             su:  197] warning: `su' uses 32-bit capabilities (legacy support in use)
[    7.442067]  [6:    logd.auditd:  263] type=1403 audit(1293883999.070:3): policy loaded auid=4294967295 ses=4294967295
[    7.518046]  [2:        toolbox:  283] EXT4-fs (mmcblk0p11): re-mounted. Opts: (null)
[    7.553188]  [1:        healthd:  176] healthd: battery none chg=au
[    7.553623]  [1:        healthd:  176] healthd: battery none chg=au
[    7.554073]  [1:        healthd:  176] healthd: battery none chg=au
[    7.747005]  [0:             su:  279] EXT4-fs (mmcblk0p11): re-mounted. Opts: (null)
[    7.784739]  [6:        toolbox:  351] EXT4-fs (mmcblk0p11): re-mounted. Opts: (null)
[    7.879997]  [0:           init:    1] init: untracked pid 372 exited with status 0
[    8.047249]  [0: surfaceflinger:  182] rk3368-lcdc lcdc0: blank mode:0
[    8.060151]  [0:    logd.auditd:  263] type=1400 audit(1293883999.690:4): avc: denied { write } for pid=408 comm="HWC_htg1" name="3dmode" dev="sysfs" ino=9793 scontext=u:r:surfaceflinger:s0 tcontext=u:object_r:sysfs:s0 tclass=file permissive=1
[   10.235105]  [0:    kworker/0:1:   50] [otg id chg] last id -1 current id 67108864
[   10.590963]  [0:    logd.auditd:  263] type=1400 audit(1293884002.270:5): avc: denied { execute } for pid=531 comm="mediaserver" name="sh" dev="mmcblk0p11" ino=341 scontext=u:r:mediaserver:s0 tcontext=u:object_r:shell_exec:s0 tclass=file permissive=1
[   10.591270]  [0:    logd.auditd:  263] type=1400 audit(1293884002.270:6): avc: denied { read open } for pid=531 comm="mediaserver" path="/system/bin/sh" dev="mmcblk0p11" ino=341 scontext=u:r:mediaserver:s0 tcontext=u:object_r:shell_exec:s0 tclass=file permissive=1
[   10.599490]  [0:    logd.auditd:  263] type=1400 audit(1293884002.270:7): avc: denied { execute_no_trans } for pid=531 comm="mediaserver" path="/system/bin/sh" dev="mmcblk0p11" ino=341 scontext=u:r:mediaserver:s0 tcontext=u:object_r:shell_exec:s0 tclass=file permissive=1
[   10.600294]  [0:    logd.auditd:  263] type=1400 audit(1293884002.270:8): avc: denied { execute_no_trans } for pid=531 comm="sh" path="/system/bin/toolbox" dev="mmcblk0p11" ino=354 scontext=u:r:mediaserver:s0 tcontext=u:object_r:system_file:s0 tclass=file permissive=1
[   19.218716]  [0:        healthd:  176] healthd: battery none chg=au
[   19.453208]  [0:           lmkd:  177] lowmemorykiller: lowmem_shrink: convert oom_adj to oom_score_adj:
[   19.453248]  [0:           lmkd:  177] lowmemorykiller: oom_adj 0 => oom_score_adj 0
[   19.453262]  [0:           lmkd:  177] lowmemorykiller: oom_adj 1 => oom_score_adj 58
[   19.453275]  [0:           lmkd:  177] lowmemorykiller: oom_adj 2 => oom_score_adj 117
[   19.453289]  [0:           lmkd:  177] lowmemorykiller: oom_adj 3 => oom_score_adj 176
[   19.453303]  [0:           lmkd:  177] lowmemorykiller: oom_adj 9 => oom_score_adj 529
[   19.453317]  [0:           lmkd:  177] lowmemorykiller: oom_adj 15 => oom_score_adj 1000
[   20.010091]  [7:  system_server:  489] acc_open
[   20.010151]  [7:  system_server:  489] acc_release
[   20.116809]  [0:    logd.auditd:  263] type=1400 audit(1293884011.950:9): avc: denied { write } for pid=573 comm="DisplaydConnect" name="displayd" dev="tmpfs" ino=1035 scontext=u:r:system_server:s0 tcontext=u:object_r:socket_device:s0 tclass=sock_file permissive=1
[   20.199564]  [0:           netd:  482] phy_power_on: enable = 1 
[   20.244222]  [0:           netd:  482] Read the Ethernet MAC address from IDB:00:00:00:00:00:00
[   20.244293]  [1:           netd:  482] eth0: device MAC address 4e:79:aa:7a:de:57
[   20.263479]  [4:           netd:  482] libphy: stmmac: probed
[   20.263509]  [4:           netd:  482] eth0: PHY ID 001cc915 at 0 IRQ 0 (stmmac-0:00) active
[   20.263526]  [4:           netd:  482] eth0: PHY ID 001cc915 at 1 IRQ 0 (stmmac-0:01) active
[   20.264010]  [0:  kworker/u16:2:  131] rockchip-iodomain io-domains.33: rockchip iodomain parse grf supply failed
[   20.264045]  [0:  kworker/u16:2:  131] platform io-domains.33: Driver rockchip-iodomain requests probe deferral
[   20.264494]  [0:  kworker/u16:2:  131] rockchip-rt5631 rockchip-rt5631.30: ASoC: CODEC (null) not registered
[   20.264539]  [0:  kworker/u16:2:  131] rockchip_rt5631_audio_probe() register card failed:-517
[   20.264561]  [0:  kworker/u16:2:  131] platform rockchip-rt5631.30: Driver rockchip-rt5631 requests probe deferral
[   20.265014]  [0:  kworker/u16:2:  131] rockchip-rt3261 rockchip-rt3224.31: ASoC: CODEC (null) not registered
[   20.265054]  [0:  kworker/u16:2:  131] rockchip_rt3261_audio_probe() register card failed:-517
[   20.265078]  [0:  kworker/u16:2:  131] platform rockchip-rt3224.31: Driver rockchip-rt3261 requests probe deferral
[   20.332922]  [0:    logd.auditd:  263] type=1400 audit(1293884012.170:10): avc: denied { write } for pid=182 comm="surfaceflinger" name="scale" dev="sysfs" ino=7445 scontext=u:r:surfaceflinger:s0 tcontext=u:object_r:sysfs:s0 tclass=file permissive=1
[   20.678272]  [0:           netd:  482] Current WiFi chip is AP6330.
[   20.678394]  [0:           netd:  482] Current WiFi chip is AP6330.
[   20.686505]  [0:WifiStateMachin:  562] Current WiFi chip is AP6330.
[   20.690303]  [5:UsbService host:  599] ff580000.usb resume, HPRT0:0x1000
[   20.690733]  [0:    kworker/0:1:   50] ff580000.usb suspend, HPRT0:0x1000
[   20.749190]  [4: wpa_supplicant:  601] dhd_open: Enter ffffffc07ee23800
[   20.749232]  [4: wpa_supplicant:  601] 
[   20.749232]  [4: wpa_supplicant:  601] Dongle Host Driver, version 1.201.59.4 (r506368)
[   20.749232]  [4: wpa_supplicant:  601] Compiled in drivers/net/wireless/bcmdhd on Mar 28 2016 at 09:59:34
[   20.749282]  [4: wpa_supplicant:  601] wl_android_wifi_on in 1
[   20.749296]  [4: wpa_supplicant:  601] wl_android_wifi_on in 2: g_wifi_on=0
[   20.749311]  [4: wpa_supplicant:  601] wifi_platform_set_power = 1
[   20.749325]  [4: wpa_supplicant:  601] ======== PULL WL_REG_ON HIGH! ========
[   20.749340]  [4: wpa_supplicant:  601] [WLAN_RFKILL]: rockchip_wifi_power: 1
[   20.749355]  [4: wpa_supplicant:  601] [WLAN_RFKILL]: rockchip_wifi_ref_voltage: 1
[   20.749371]  [4: wpa_supplicant:  601] [WLAN_RFKILL]: rockchip_wifi_ref_voltage: wifi io reference voltage control is disabled.
[   20.852408]  [5: wpa_supplicant:  601] [WLAN_RFKILL]: wifi turn on power. 100
[   21.059084]  [1: wpa_supplicant:  601] sdio_reset_comm():
[   21.063785]  [1: wpa_supplicant:  601] mmc_host mmc2: Bus speed (slot 0) = 50000000Hz (slot req 200000Hz, actual 200000HZ div = 125)
[   21.063817]  [1: wpa_supplicant:  601] rk_sdmmc: BOOT dw_mci_setup_bus: argue clk_mmc workaround out 400000Hz for init[mmc2]
[   21.097693]  [0: wpa_supplicant:  601] mmc2: queuing unknown CIS tuple 0x80 (2 bytes)
[   21.104548]  [0: wpa_supplicant:  601] mmc2: queuing unknown CIS tuple 0x80 (3 bytes)
[   21.107524]  [0: wpa_supplicant:  601] mmc2: queuing unknown CIS tuple 0x80 (3 bytes)
[   21.112825]  [0: wpa_supplicant:  601] mmc2: queuing unknown CIS tuple 0x80 (7 bytes)
[   21.213913]  [0: wpa_supplicant:  601] mmc_host mmc2: Bus speed (slot 0) = 50000000Hz (slot req 50000000Hz, actual 50000000HZ div = 0)
[   21.213982]  [0: wpa_supplicant:  601] rk_sdmmc: BOOT dw_mci_setup_bus: argue clk_mmc workaround out normal clock [mmc2]
[   21.214372]  [0: wpa_supplicant:  601] 
[   21.214372]  [0: wpa_supplicant:  601] 
[   21.214372]  [0: wpa_supplicant:  601] dhd_bus_devreset: == WLAN ON ==
[   21.214524]  [0: wpa_supplicant:  601] F1 signature read @0x18000000=0x16044330
[   21.216295]  [0: wpa_supplicant:  601] F1 signature OK, socitype:0x1 chip:0x4330 rev:0x4 pkg:0x0
[   21.216688]  [1: wpa_supplicant:  601] DHD: dongle ram size is set to 294912(orig 294912) at 0x0
[   21.216945]  [1: wpa_supplicant:  601] dhdsdio_probe_init: set use_rxchain 0 from config.txt
[   21.217187]  [1: wpa_supplicant:  601] dhd_conf_read_config: Ignore config file /system/etc/firmware/config.txt
[   21.217218]  [1: wpa_supplicant:  601] dhd_conf_set_fw_name_by_chip: firmware_path=/system/etc/firmware/fw_RK903_ag.bin
[   21.217234]  [1: wpa_supplicant:  601] Final fw_path=/system/etc/firmware/fw_RK903_ag.bin
[   21.217247]  [1: wpa_supplicant:  601] Final nv_path=/system/etc/firmware/nvram_AP6330.txt
[   21.217261]  [1: wpa_supplicant:  601] Final conf_path=/system/etc/firmware/config.txt
[   21.287480]  [1: wpa_supplicant:  601] NVRAM version: AP6330_NVRAM_V1.0_20121130
[   21.289217]  [0: wpa_supplicant:  601] dhdsdio_write_vars: Download, Upload and compare of NVRAM succeeded.
[   21.551107]  [4: wpa_supplicant:  601] dhd_bus_init: enable 0x06, ready 0x06 (waited 0us)
[   21.554632]  [7: wpa_supplicant:  601] bcmsdh_oob_intr_register: Enter
[   21.554657]  [7: wpa_supplicant:  601] bcmsdh_oob_intr_register: HW_OOB enabled
[   21.554670]  [7: wpa_supplicant:  601] bcmsdh_oob_intr_register OOB irq=6 flags=4
[   21.554764]  [7: wpa_supplicant:  601] bcmsdh_oob_intr_register: enable_irq_wake
[   21.555307]  [7: wpa_supplicant:  601] dhd_conf_set_band: Set band 0
[   21.555696]  [7: wpa_supplicant:  601] wifi_platform_get_mac_addr
[   21.555711]  [7: wpa_supplicant:  601] ======== bcm_wlan_get_mac_address ========
[   21.555725]  [7: wpa_supplicant:  601] [WLAN_RFKILL]: rockchip_wifi_mac_addr: enter.
[   21.555742]  [7: wpa_supplicant:  601] [WLAN_RFKILL]: falsh wifi_custom_mac_addr=[00:00:00:00:00:00]
[   21.555755]  [7: wpa_supplicant:  601] [WLAN_RFKILL]: This mac address is not valid, ignored...
[   21.557409]  [7: wpa_supplicant:  601] Firmware up: op_mode=0x0005, MAC=e0:76:d0:37:d2:f7
[   21.557429]  [7: wpa_supplicant:  601] dhd_conf_set_country: Set country ALL, revision 0
[   21.629294]  [0: wpa_supplicant:  601] Country code: ALL (ALL/0)
[   21.638639]  [0: wpa_supplicant:  601] dhd_conf_set_roam: Set roam_off 1
[   21.642046]  [2: wpa_supplicant:  601] dhd_preinit_ioctls buf_key_b4_m4 set failed -23
[   21.647838]  [2: wpa_supplicant:  601] Firmware version = wl0: Jan  6 2014 15:11:29 version 5.90.195.89.13 FWID 01-72f124c5
[   21.647871]  [2: wpa_supplicant:  601]   Driver: 1.201.59.4 (r506368)
[   21.647871]  [2: wpa_supplicant:  601]   Firmware: wl0: Jan  6 2014 15:11:29 version 5.90.195.89.13 FWID 01-72f124c5 
[   21.648319]  [0: wpa_supplicant:  601] dhd_txglom_enable: enable 0
[   21.648336]  [0: wpa_supplicant:  601] dhd_conf_set_disable_proptx: set disable_proptx 1
[   21.653848]  [1: wpa_supplicant:  601] dhd_preinit_ioctls wl ampdu_hostreorder failed -23
[   21.654349]  [0: wpa_supplicant:  601] wl_android_wifi_on: Success
[   21.742839]  [0: wpa_supplicant:  601] dhd_set_scb_probe: GET max_scb_probe failed
[   21.743286]  [0: wpa_supplicant:  601] dhd_set_scb_probe: max_scb_probe setting failed
[   21.743312]  [0: wpa_supplicant:  601] dhd_open: Exit ret=0
[   22.028363]  [0: wpa_supplicant:  601] Current WiFi chip is AP6330.
[   22.036403]  [0: wpa_supplicant:  601] dhd_pktfilter_offload_set: failed to add pktfilter 102 0 0 0 0xFFFFFF 0x01005E, retcode = -2
[   22.088587]  [0: wpa_supplicant:  601] dhd_set_suspend: Remove extra suspend setting
[   25.182384]  [0:  kworker/u16:0:    6] stmmc_pltfr_fix_mac_speed: fix speed to 1000
[   25.182439]  [0:  kworker/u16:0:    6] stmmc_pltfr_fix_mac_speed: fix speed for RGMII
[   25.182488]  [0:  kworker/u16:0:    6] libphy: stmmac-0:01 - Link is Up - 1000/Full
[   25.767394]  [0:           vold:  264] FAT-fs (mmcblk0p16): Volume was not properly unmounted. Some data may be corrupt. Please run fsck.
[   25.822766]  [0:           init:    1] init: no such service 'fuse_internal_sd'
[   32.038248]  [6:droid.bluetooth: 1490] Current WiFi chip is AP6330.
[   32.431204]  [0:BluetoothAdapte: 1596] Current WiFi chip is AP6330.
[   32.440198]  [0:BluetoothAdapte: 1596] Current WiFi chip is AP6330.
[   32.463545]  [0:BluetoothAdapte: 1596] [BT_RFKILL]: bt shut off power
[   33.073671]  [0:BluetoothAdapte: 1596] [BT_RFKILL]: bt turn on power
[   33.802155]  [0:   bt_hc_worker: 1659] Current WiFi chip is AP6330.
[   63.227506]  [0:    logd.auditd:  263] type=1400 audit(1293884055.747:11): avc: denied { write } for pid=182 comm="surfaceflinger" name="scale" dev="sysfs" ino=7445 scontext=u:r:surfaceflinger:s0 tcontext=u:object_r:sysfs:s0 tclass=file permissive=1
[   66.590148]  [0:        healthd:  176] healthd: battery none chg=au

130|shell@rk3368_box:/ $ ^D
shell@rk3368_box:/ $ 